Component: ARM Compiler 5.05 update 1 (build 106) Tool: armlink [4d0efa]

==============================================================================

Section Cross References

    main.o(i.Downwater) refers to api.o(i.TJQ_Control) for TJQ_Control
    main.o(i.Forward) refers to api.o(i.TJQ_Control) for TJQ_Control
    main.o(i.LeftPY) refers to api.o(i.TJQ_Control) for TJQ_Control
    main.o(i.RightPY) refers to api.o(i.TJQ_Control) for TJQ_Control
    main.o(i.Stop) refers to api.o(i.TJQ_Control) for TJQ_Control
    main.o(i.TurnLeft) refers to api.o(i.TJQ_Control) for TJQ_Control
    main.o(i.TurnRight) refers to api.o(i.TJQ_Control) for TJQ_Control
    main.o(i.clear) refers to api.o(i.Servo_Set) for Servo_Set
    main.o(i.collect) refers to api.o(i.Servo_Set) for Servo_Set
    main.o(i.duojichushihua) refers to api.o(i.Servo_Set) for Servo_Set
    main.o(i.duojichushihua) refers to api.o(i.Visual_Alarm_Light) for Visual_Alarm_Light
    main.o(i.main) refers to delay.o(i.delay_init) for delay_init
    main.o(i.main) refers to misc.o(i.NVIC_PriorityGroupConfig) for NVIC_PriorityGroupConfig
    main.o(i.main) refers to api.o(i.SCC_TO_HUB_Init) for SCC_TO_HUB_Init
    main.o(i.main) refers to api.o(i.Internal_System_Init) for Internal_System_Init
    main.o(i.main) refers to api.o(i.Sensor_HP20X_Init) for Sensor_HP20X_Init
    main.o(i.main) refers to api.o(i.Servo_Set) for Servo_Set
    main.o(i.main) refers to api.o(i.Euler_Angle_Read) for Euler_Angle_Read
    main.o(i.main) refers to main.o(i.Downwater) for Downwater
    main.o(i.main) refers to api.o(i.Sensor_HP20X_GetDepth) for Sensor_HP20X_GetDepth
    main.o(i.main) refers to bno055.o(.data) for yaw
    system_stm32f4xx.o(i.SystemCoreClockUpdate) refers to system_stm32f4xx.o(.data) for SystemCoreClock
    system_stm32f4xx.o(i.SystemInit) refers to system_stm32f4xx.o(i.SetSysClock) for SetSysClock
    api.o(i.Bat_Vol_Det_Init) refers to adc.o(i.Adc_Init) for Adc_Init
    api.o(i.Battery_Voltage_Detection) refers to adc.o(i.Get_Bat_Vol) for Get_Bat_Vol
    api.o(i.Buoyancy_Control) refers to buoyancy.o(i.Buoyancy_GPIO_Control) for Buoyancy_GPIO_Control
    api.o(i.Buoyancy_Init) refers to buoyancy.o(i.Buoyancy_GPIO_Init) for Buoyancy_GPIO_Init
    api.o(i.Buzzer_Init) refers to beep.o(i.BEEP_Init) for BEEP_Init
    api.o(i.Euler_Angle_Read) refers to bno055.o(i.BNO055_Euler_Angle_Read) for BNO055_Euler_Angle_Read
    api.o(i.Euler_Angle_Read) refers to bno055.o(.data) for BNO055_Response
    api.o(i.Exti_Port_Init) refers to exti.o(i.EXTIX_Indepent_Init) for EXTIX_Indepent_Init
    api.o(i.Internal_System_Init) refers to api.o(i.WM_433M_Init) for WM_433M_Init
    api.o(i.Internal_System_Init) refers to api.o(i.WM_433M_SET) for WM_433M_SET
    api.o(i.Internal_System_Init) refers to api.o(i.Sensor_BNO055_Init) for Sensor_BNO055_Init
    api.o(i.Internal_System_Init) refers to api.o(i.TJQ_Init) for TJQ_Init
    api.o(i.Internal_System_Init) refers to api.o(i.Buzzer_Init) for Buzzer_Init
    api.o(i.Internal_System_Init) refers to api.o(i.Bat_Vol_Det_Init) for Bat_Vol_Det_Init
    api.o(i.Internal_System_Init) refers to api.o(i.Visual_Alarm_Light_Init) for Visual_Alarm_Light_Init
    api.o(i.Internal_System_Init) refers to api.o(i.Visual_Alarm_Light) for Visual_Alarm_Light
    api.o(i.Internal_System_Init) refers to buoyancy.o(i.Buoyancy_GPIO_Init) for Buoyancy_GPIO_Init
    api.o(i.Internal_System_Init) refers to api.o(i.Exti_Port_Init) for Exti_Port_Init
    api.o(i.Internal_System_Init) refers to delay.o(i.delay_ms) for delay_ms
    api.o(i.RGB_LED_Blue) refers to led.o(i.RGB_LED_Write_24Bits) for RGB_LED_Write_24Bits
    api.o(i.RGB_LED_Green) refers to led.o(i.RGB_LED_Write_24Bits) for RGB_LED_Write_24Bits
    api.o(i.RGB_LED_Off) refers to led.o(i.RGB_LED_Write_24Bits) for RGB_LED_Write_24Bits
    api.o(i.RGB_LED_Red) refers to led.o(i.RGB_LED_Write_24Bits) for RGB_LED_Write_24Bits
    api.o(i.Remote_Control) refers to 433m.o(i.Remote_Control_Button) for Remote_Control_Button
    api.o(i.SCC_TO_HUB_Init) refers to usart.o(i.uart8_init) for uart8_init
    api.o(i.Searchlight_1_Set) refers to dac.o(i.Dac1_Set_Vol) for Dac1_Set_Vol
    api.o(i.Searchlight_2_Set) refers to dac.o(i.Dac2_Set_Vol) for Dac2_Set_Vol
    api.o(i.Searchlight_Init) refers to dac.o(i.Dac1_Init) for Dac1_Init
    api.o(i.Searchlight_Init) refers to dac.o(i.Dac2_Init) for Dac2_Init
    api.o(i.Sensor_BNO055_Init) refers to usart.o(i.uart5_init) for uart5_init
    api.o(i.Sensor_BNO055_Init) refers to delay.o(i.delay_ms) for delay_ms
    api.o(i.Sensor_BNO055_Init) refers to bno055.o(i.BNO055_Init) for BNO055_Init
    api.o(i.Sensor_BNO055_Init) refers to stm32f4xx_usart.o(i.USART_SendData) for USART_SendData
    api.o(i.Sensor_BNO055_Init) refers to stm32f4xx_usart.o(i.USART_GetFlagStatus) for USART_GetFlagStatus
    api.o(i.Sensor_BNO055_READ) refers to bno055.o(i.BNO055_READ) for BNO055_READ
[...]
    i.SYSCFG_EXTILineConfig                  0x08002100   Section        0  stm32f4xx_syscfg.o(i.SYSCFG_EXTILineConfig)
    i.Senser_State_Set                       0x08002140   Section        0  exti.o(i.Senser_State_Set)
    i.Sensor_BNO055_Init                     0x08002158   Section        0  api.o(i.Sensor_BNO055_Init)
    i.Sensor_HP20X_GetDepth                  0x08002198   Section        0  api.o(i.Sensor_HP20X_GetDepth)
    i.Sensor_HP20X_Init                      0x080021b0   Section        0  api.o(i.Sensor_HP20X_Init)
    i.Sensor_State_Reset                     0x080021bc   Section        0  exti.o(i.Sensor_State_Reset)
    i.Servo_Analysis                         0x080021d4   Section        0  servo.o(i.Servo_Analysis)
    i.Servo_Set                              0x080023f8   Section        0  api.o(i.Servo_Set)
    i.SetSysClock                            0x08002408   Section        0  system_stm32f4xx.o(i.SetSysClock)
    SetSysClock                              0x08002409   Thumb Code   272  system_stm32f4xx.o(i.SetSysClock)
    i.SysTick_CLKSourceConfig                0x08002528   Section        0  misc.o(i.SysTick_CLKSourceConfig)
    i.SysTick_Handler                        0x08002550   Section        0  stm32f4xx_it.o(i.SysTick_Handler)
    i.SystemInit                             0x08002554   Section        0  system_stm32f4xx.o(i.SystemInit)
    i.TI1_Config                             0x080025bc   Section        0  stm32f4xx_tim.o(i.TI1_Config)
    TI1_Config                               0x080025bd   Thumb Code    58  stm32f4xx_tim.o(i.TI1_Config)
    i.TI2_Config                             0x080025f6   Section        0  stm32f4xx_tim.o(i.TI2_Config)
    TI2_Config                               0x080025f7   Thumb Code    80  stm32f4xx_tim.o(i.TI2_Config)
    i.TI3_Config                             0x08002646   Section        0  stm32f4xx_tim.o(i.TI3_Config)
    TI3_Config                               0x08002647   Thumb Code    72  stm32f4xx_tim.o(i.TI3_Config)
    i.TI4_Config                             0x0800268e   Section        0  stm32f4xx_tim.o(i.TI4_Config)
    TI4_Config                               0x0800268f   Thumb Code    80  stm32f4xx_tim.o(i.TI4_Config)
    i.TIM11_PWM_Init                         0x080026e0   Section        0  pwm.o(i.TIM11_PWM_Init)
    i.TIM1_PWM_Init                          0x0800278c   Section        0  pwm.o(i.TIM1_PWM_Init)
    i.TIM2_PWM_Init                          0x08002928   Section        0  pwm.o(i.TIM2_PWM_Init)
    i.TIM3_PWM_Init                          0x080029d0   Section        0  pwm.o(i.TIM3_PWM_Init)
    i.TIM4_Cap_Init                          0x08002af0   Section        0  timer.o(i.TIM4_Cap_Init)
    i.TIM4_IRQHandler                        0x08002c14   Section        0  timer.o(i.TIM4_IRQHandler)
    i.TIM4_PWM_Init                          0x08002f68   Section        0  pwm.o(i.TIM4_PWM_Init)
    i.TIM5_Cap_Init                          0x08003018   Section        0  timer.o(i.TIM5_Cap_Init)
    i.TIM5_IRQHandler                        0x0800313c   Section        0  timer.o(i.TIM5_IRQHandler)
    i.TIM7_IRQHandler                        0x0800348c   Section        0  timer.o(i.TIM7_IRQHandler)
    i.TIM7_Int_Init                          0x080035d0   Section        0  timer.o(i.TIM7_Int_Init)
    i.TIM8_PWM_Init                          0x0800362c   Section        0  pwm.o(i.TIM8_PWM_Init)
    i.TIM9_PWM_Init                          0x08003728   Section        0  pwm.o(i.TIM9_PWM_Init)
    i.TIM_ARRPreloadConfig                   0x08003824   Section        0  stm32f4xx_tim.o(i.TIM_ARRPreloadConfig)
    i.TIM_ClearITPendingBit                  0x0800383c   Section        0  stm32f4xx_tim.o(i.TIM_ClearITPendingBit)
    i.TIM_Cmd                                0x08003842   Section        0  stm32f4xx_tim.o(i.TIM_Cmd)
    i.TIM_CtrlPWMOutputs                     0x0800385a   Section        0  stm32f4xx_tim.o(i.TIM_CtrlPWMOutputs)
    i.TIM_GetCapture1                        0x08003878   Section        0  stm32f4xx_tim.o(i.TIM_GetCapture1)
    i.TIM_GetCapture2                        0x0800387e   Section        0  stm32f4xx_tim.o(i.TIM_GetCapture2)
    i.TIM_GetCapture3                        0x08003884   Section        0  stm32f4xx_tim.o(i.TIM_GetCapture3)
    i.TIM_GetCapture4                        0x0800388a   Section        0  stm32f4xx_tim.o(i.TIM_GetCapture4)
    i.TIM_GetITStatus                        0x08003890   Section        0  stm32f4xx_tim.o(i.TIM_GetITStatus)
    i.TIM_ICInit                             0x080038b2   Section        0  stm32f4xx_tim.o(i.TIM_ICInit)
    i.TIM_ITConfig                           0x08003920   Section        0  stm32f4xx_tim.o(i.TIM_ITConfig)
    i.TIM_OC1Init                            0x08003934   Section        0  stm32f4xx_tim.o(i.TIM_OC1Init)
    i.TIM_OC1PreloadConfig                   0x080039b0   Section        0  stm32f4xx_tim.o(i.TIM_OC1PreloadConfig)
    i.TIM_OC2Init                            0x080039c4   Section        0  stm32f4xx_tim.o(i.TIM_OC2Init)
    i.TIM_OC2PreloadConfig                   0x08003a68   Section        0  stm32f4xx_tim.o(i.TIM_OC2PreloadConfig)
    i.TIM_OC3Init                            0x08003a84   Section        0  stm32f4xx_tim.o(i.TIM_OC3Init)
    i.TIM_OC3PreloadConfig                   0x08003b24   Section        0  stm32f4xx_tim.o(i.TIM_OC3PreloadConfig)
    i.TIM_OC4Init                            0x08003b38   Section        0  stm32f4xx_tim.o(i.TIM_OC4Init)
    i.TIM_OC4PreloadConfig                   0x08003bb0   Section        0  stm32f4xx_tim.o(i.TIM_OC4PreloadConfig)
    i.TIM_SetCompare1                        0x08003bca   Section        0  stm32f4xx_tim.o(i.TIM_SetCompare1)
    i.TIM_SetCompare2                        0x08003bce   Section        0  stm32f4xx_tim.o(i.TIM_SetCompare2)
    i.TIM_SetCompare3                        0x08003bd2   Section        0  stm32f4xx_tim.o(i.TIM_SetCompare3)
    i.TIM_SetCompare4                        0x08003bd6   Section        0  stm32f4xx_tim.o(i.TIM_SetCompare4)
    i.TIM_SetIC1Prescaler                    0x08003bda   Section        0  stm32f4xx_tim.o(i.TIM_SetIC1Prescaler)
    i.TIM_SetIC2Prescaler                    0x08003bec   Section        0  stm32f4xx_tim.o(i.TIM_SetIC2Prescaler)
    i.TIM_SetIC3Prescaler                    0x08003c06   Section        0  stm32f4xx_tim.o(i.TIM_SetIC3Prescaler)
    i.TIM_SetIC4Prescaler                    0x08003c18   Section        0  stm32f4xx_tim.o(i.TIM_SetIC4Prescaler)
    i.TIM_TimeBaseInit                       0x08003c34   Section        0  stm32f4xx_tim.o(i.TIM_TimeBaseInit)
    i.TJQ_Control                            0x08003cb8   Section        0  api.o(i.TJQ_Control)
    i.TJQ_Init                               0x08003ccc   Section        0  api.o(i.TJQ_Init)
    i.T_DIR_Init                             0x08003d04   Section        0  propeller.o(i.T_DIR_Init)
    i.UART4_IRQHandler                       0x08003d7c   Section        0  usart.o(i.UART4_IRQHandler)
    i.UART5_IRQHandler                       0x08003da4   Section        0  usart.o(i.UART5_IRQHandler)
    i.UART8_IRQHandler                       0x08003dd0   Section        0  usart.o(i.UART8_IRQHandler)
    i.URAT8_DATA_Analysis                    0x08003dfc   Section        0  external.o(i.URAT8_DATA_Analysis)
    i.USART1_IRQHandler                      0x0800452c   Section        0  usart.o(i.USART1_IRQHandler)
    i.USART1_SendChar                        0x08004558   Section        0  usart.o(i.USART1_SendChar)
    i.USART1_SendString                      0x08004578   Section        0  usart.o(i.USART1_SendString)
    i.USART_ClearITPendingBit                0x0800458e   Section        0  stm32f4xx_usart.o(i.USART_ClearITPendingBit)
    i.USART_Cmd                              0x080045ac   Section        0  stm32f4xx_usart.o(i.USART_Cmd)
    i.USART_DeInit                           0x080045c4   Section        0  stm32f4xx_usart.o(i.USART_DeInit)
    i.USART_GetFlagStatus                    0x080046b4   Section        0  stm32f4xx_usart.o(i.USART_GetFlagStatus)
    i.USART_GetITStatus                      0x080046ce   Section        0  stm32f4xx_usart.o(i.USART_GetITStatus)
    i.USART_ITConfig                         0x08004722   Section        0  stm32f4xx_usart.o(i.USART_ITConfig)
    i.USART_Init                             0x0800476c   Section        0  stm32f4xx_usart.o(i.USART_Init)
    i.USART_ReceiveData                      0x08004840   Section        0  stm32f4xx_usart.o(i.USART_ReceiveData)
    i.USART_SendData                         0x0800484a   Section        0  stm32f4xx_usart.o(i.USART_SendData)
    i.UsageFault_Handler                     0x08004852   Section        0  stm32f4xx_it.o(i.UsageFault_Handler)
    i.Visual_Alarm_Light                     0x08004856   Section        0  api.o(i.Visual_Alarm_Light)
    i.Visual_Alarm_Light_Init                0x0800486a   Section        0  api.o(i.Visual_Alarm_Light_Init)
    i.WM_433M_Init                           0x08004872   Section        0  api.o(i.WM_433M_Init)
    i.WM_433M_SET                            0x08004882   Section        0  api.o(i.WM_433M_SET)
    i._sys_exit                              0x0800488e   Section        0  usart.o(i._sys_exit)
    i.delay_init                             0x08004894   Section        0  delay.o(i.delay_init)
    i.delay_ms                               0x080048d0   Section        0  delay.o(i.delay_ms)
    i.delay_us                               0x08004908   Section        0  delay.o(i.delay_us)
    i.delay_xms                              0x08004954   Section        0  delay.o(i.delay_xms)
    i.main                                   0x080049a0   Section        0  main.o(i.main)
    i.uart5_init                             0x08004ae4   Section        0  usart.o(i.uart5_init)
    i.uart8_init                             0x08004bec   Section        0  usart.o(i.uart8_init)
    i.uart_init                              0x08004ca4   Section        0  usart.o(i.uart_init)
    x$fpl$d2f                                0x08004d60   Section       98  d2f.o(x$fpl$d2f)
    $v0                                      0x08004d60   Number         0  d2f.o(x$fpl$d2f)
    x$fpl$dadd                               0x08004dc4   Section      336  daddsub_clz.o(x$fpl$dadd)
    $v0                                      0x08004dc4   Number         0  daddsub_clz.o(x$fpl$dadd)
    _dadd1                                   0x08004dd5   Thumb Code     0  daddsub_clz.o(x$fpl$dadd)
    x$fpl$ddiv                               0x08004f14   Section      688  ddiv.o(x$fpl$ddiv)
    $v0                                      0x08004f14   Number         0  ddiv.o(x$fpl$ddiv)
    ddiv_entry                               0x08004f1b   Thumb Code     0  ddiv.o(x$fpl$ddiv)
    x$fpl$dfixu                              0x080051c4   Section       90  dfixu.o(x$fpl$dfixu)
    $v0                                      0x080051c4   Number         0  dfixu.o(x$fpl$dfixu)
    x$fpl$dfltu                              0x0800521e   Section       38  dflt_clz.o(x$fpl$dfltu)
    $v0                                      0x0800521e   Number         0  dflt_clz.o(x$fpl$dfltu)
    x$fpl$dmul                               0x08005244   Section      340  dmul.o(x$fpl$dmul)
    $v0                                      0x08005244   Number         0  dmul.o(x$fpl$dmul)
    x$fpl$dnaninf                            0x08005398   Section      156  dnaninf.o(x$fpl$dnaninf)
    $v0                                      0x08005398   Number         0  dnaninf.o(x$fpl$dnaninf)
    x$fpl$dretinf                            0x08005434   Section       12  dretinf.o(x$fpl$dretinf)
    $v0                                      0x08005434   Number         0  dretinf.o(x$fpl$dretinf)
    x$fpl$dsub                               0x08005440   Section      468  daddsub_clz.o(x$fpl$dsub)
    $v0                                      0x08005440   Number         0  daddsub_clz.o(x$fpl$dsub)
    _dsub1                                   0x08005451   Thumb Code     0  daddsub_clz.o(x$fpl$dsub)
    x$fpl$f2d                                0x08005614   Section       86  f2d.o(x$fpl$f2d)
    $v0                                      0x08005614   Number         0  f2d.o(x$fpl$f2d)
    x$fpl$fnaninf                            0x0800566a   Section      140  fnaninf.o(x$fpl$fnaninf)
    $v0                                      0x0800566a   Number         0  fnaninf.o(x$fpl$fnaninf)
    x$fpl$fpinit                             0x080056f6   Section       10  fpinit.o(x$fpl$fpinit)
    $v0                                      0x080056f6   Number         0  fpinit.o(x$fpl$fpinit)
    x$fpl$fretinf                            0x08005700   Section       10  fretinf.o(x$fpl$fretinf)
    $v0                                      0x08005700   Number         0  fretinf.o(x$fpl$fretinf)
    x$fpl$usenofp                            0x0800570a   Section        0  usenofp.o(x$fpl$usenofp)
    .data                                    0x20000000   Section       11  433m.o(.data)
    State_433MRx                             0x20000008   Data           1  433m.o(.data)
    i_433M                                   0x20000009   Data           1  433m.o(.data)
    .data                                    0x2000000c   Section       40  bno055.o(.data)
    count_n                                  0x20000025   Data           1  bno055.o(.data)
    state_res                                0x20000026   Data           1  bno055.o(.data)
    data_recevie_ok                          0x20000027   Data           1  bno055.o(.data)
    .data                                    0x20000034   Section        2  exti.o(.data)
    .data                                    0x20000038   Section       33  hp20x.o(.data)
    .data                                    0x20000060   Section      376  timer.o(.data)
    TIM5IC_ReadValue1_ch1                    0x2000008c   Data           4  timer.o(.data)
    TIM5IC_ReadValue2_ch1                    0x20000090   Data           4  timer.o(.data)
    TIM5CaptureNumber_ch1                    0x20000094   Data           4  timer.o(.data)
    TIM5Capture_ch1                          0x20000098   Data           8  timer.o(.data)
    TIM5Cnt_ch1                              0x200000a0   Data           4  timer.o(.data)
    TIM5IC_ReadValue1_ch2                    0x200000b0   Data           4  timer.o(.data)
    TIM5IC_ReadValue2_ch2                    0x200000b4   Data           4  timer.o(.data)
    TIM5CaptureNumber_ch2                    0x200000b8   Data           4  timer.o(.data)
    TIM5Capture_ch2                          0x200000c0   Data           8  timer.o(.data)
    TIM5Cnt_ch2                              0x200000c8   Data           4  timer.o(.data)
    TIM5IC_ReadValue1_ch3                    0x200000d8   Data           4  timer.o(.data)
    TIM5IC_ReadValue2_ch3                    0x200000dc   Data           4  timer.o(.data)
    TIM5CaptureNumber_ch3                    0x200000e0   Data           4  timer.o(.data)
    TIM5Capture_ch3                          0x200000e8   Data           8  timer.o(.data)
    TIM5Cnt_ch3                              0x200000f0   Data           4  timer.o(.data)
    TIM5IC_ReadValue1_ch4                    0x20000100   Data           4  timer.o(.data)
    TIM5IC_ReadValue2_ch4                    0x20000104   Data           4  timer.o(.data)
    TIM5CaptureNumber_ch4                    0x20000108   Data           4  timer.o(.data)
    TIM5Capture_ch4                          0x20000110   Data           8  timer.o(.data)
    TIM5Cnt_ch4                              0x20000118   Data           4  timer.o(.data)
    TIM4IC_ReadValue1_ch1                    0x20000128   Data           4  timer.o(.data)
    TIM4IC_ReadValue2_ch1                    0x2000012c   Data           4  timer.o(.data)
    TIM4CaptureNumber_ch1                    0x20000130   Data           4  timer.o(.data)
    TIM4Capture_ch1                          0x20000138   Data           8  timer.o(.data)
    TIM4Cnt_ch1                              0x20000140   Data           4  timer.o(.data)
    TIM4IC_ReadValue1_ch2                    0x20000150   Data           4  timer.o(.data)
    TIM4IC_ReadValue2_ch2                    0x20000154   Data           4  timer.o(.data)
    TIM4CaptureNumber_ch2                    0x20000158   Data           4  timer.o(.data)
    TIM4Capture_ch2                          0x20000160   Data           8  timer.o(.data)
    TIM4Cnt_ch2                              0x20000168   Data           4  timer.o(.data)
    TIM4IC_ReadValue1_ch3                    0x20000178   Data           4  timer.o(.data)
    TIM4IC_ReadValue2_ch3                    0x2000017c   Data           4  timer.o(.data)
    TIM4CaptureNumber_ch3                    0x20000180   Data           4  timer.o(.data)
    TIM4Capture_ch3                          0x20000188   Data           8  timer.o(.data)
    TIM4Cnt_ch3                              0x20000190   Data           4  timer.o(.data)
    TIM4IC_ReadValue1_ch4                    0x200001a0   Data           4  timer.o(.data)
    TIM4IC_ReadValue2_ch4                    0x200001a4   Data           4  timer.o(.data)
    TIM4CaptureNumber_ch4                    0x200001a8   Data           4  timer.o(.data)
    TIM4Capture_ch4                          0x200001b0   Data           8  timer.o(.data)
    TIM4Cnt_ch4                              0x200001b8   Data           4  timer.o(.data)
    .data                                    0x200001d8   Section        9  servo.o(.data)
    Servo_Init_1                             0x200001d8   Data           1  servo.o(.data)
    Servo_Init_2                             0x200001d9   Data           1  servo.o(.data)
    Servo_Init_3                             0x200001da   Data           1  servo.o(.data)
    Servo_Init_4                             0x200001db   Data           1  servo.o(.data)
    Servo_Init_5                             0x200001dc   Data           1  servo.o(.data)
    Servo_Init_6                             0x200001dd   Data           1  servo.o(.data)
    Servo_Init_7                             0x200001de   Data           1  servo.o(.data)
    Servo_Init_10                            0x200001df   Data           1  servo.o(.data)
    Servo_Init_11                            0x200001e0   Data           1  servo.o(.data)
    .data                                    0x200001e4   Section       36  external.o(.data)
    .data                                    0x20000208   Section        4  delay.o(.data)
    fac_us                                   0x20000208   Data           1  delay.o(.data)
    fac_ms                                   0x2000020a   Data           2  delay.o(.data)
    .data                                    0x2000020c   Section       16  stm32f4xx_rcc.o(.data)
    APBAHBPrescTable                         0x2000020c   Data          16  stm32f4xx_rcc.o(.data)
    .bss                                     0x2000021c   Section       10  433m.o(.bss)
    .bss                                     0x20000226   Section       20  timer.o(.bss)
    .bss                                     0x2000023c   Section       96  libspace.o(.bss)
    HEAP                                     0x200002a0   Section      512  startup_stm32f427x.o(HEAP)
    Heap_Mem                                 0x200002a0   Data         512  startup_stm32f427x.o(HEAP)
    STACK                                    0x200004a0   Section     1024  startup_stm32f427x.o(STACK)
    Stack_Mem                                0x200004a0   Data        1024  startup_stm32f427x.o(STACK)
    __initial_sp                             0x200008a0   Data           0  startup_stm32f427x.o(STACK)

    Global Symbols

    Symbol Name                              Value     Ov Type        Size  Object(Section)

    BuildAttributes$$THM_ISAv4$E$P$D$K$B$S$7EM$VFPi3$EXTD16$VFPS$VFMA$PE$A:L22UL41UL21$X:L11$S22US41US21$IEEE1$IW$USESV6$~STKCKD$USESV7$~SHL$OSPACE$ROPI$EBA8$UX$STANDARDLIB$REQ8$PRES8$EABIv2 0x00000000   Number         0  anon$$obj.o ABSOLUTE
    __ARM_use_no_argv                        0x00000000   Number         0  main.o ABSOLUTE
    __ARM_exceptions_init                     - Undefined Weak Reference
    __alloca_initialize                       - Undefined Weak Reference
    __arm_preinit_                            - Undefined Weak Reference
    __cpp_initialize__aeabi_                  - Undefined Weak Reference
    __cxa_finalize                            - Undefined Weak Reference
    __rt_locale                               - Undefined Weak Reference
    __sigvec_lookup                           - Undefined Weak Reference
    _atexit_init                              - Undefined Weak Reference
    _call_atexit_fns                          - Undefined Weak Reference
    _clock_init                               - Undefined Weak Reference
    _fp_trap_init                             - Undefined Weak Reference
    _fp_trap_shutdown                         - Undefined Weak Reference
    _get_lc_collate                           - Undefined Weak Reference
    _get_lc_ctype                             - Undefined Weak Reference
    _get_lc_monetary                          - Undefined Weak Reference
    _get_lc_numeric                           - Undefined Weak Reference
    _get_lc_time                              - Undefined Weak Reference
    _getenv_init                              - Undefined Weak Reference
    _handle_redirection                       - Undefined Weak Reference
    _init_alloc                               - Undefined Weak Reference
    _init_user_alloc                          - Undefined Weak Reference
    _initio                                   - Undefined Weak Reference
    _rand_init                                - Undefined Weak Reference
    _signal_finish                            - Undefined Weak Reference
    _signal_init                              - Undefined Weak Reference
    _terminate_alloc                          - Undefined Weak Reference
    _terminate_user_alloc                     - Undefined Weak Reference
    _terminateio                              - Undefined Weak Reference
    __Vectors_Size                           0x000001ac   Number         0  startup_stm32f427x.o ABSOLUTE
    __Vectors                                0x08000000   Data           4  startup_stm32f427x.o(RESET)
    __Vectors_End                            0x080001ac   Data           0  startup_stm32f427x.o(RESET)
    __main                                   0x080001ad   Thumb Code     8  __main.o(!!!main)
    __scatterload                            0x080001b5   Thumb Code     0  __scatter.o(!!!scatter)
    __scatterload_rt2                        0x080001b5   Thumb Code    44  __scatter.o(!!!scatter)
    __scatterload_rt2_thumb_only             0x080001b5   Thumb Code     0  __scatter.o(!!!scatter)
    __scatterload_null                       0x080001c3   Thumb Code     0  __scatter.o(!!!scatter)
    __decompress                             0x080001e9   Thumb Code    58  __dczerorl.o(!!dczerorl)
    __decompress0                            0x080001e9   Thumb Code     0  __dczerorl.o(!!dczerorl)
    __scatterload_zeroinit                   0x08000225   Thumb Code    28  __scatter_zi.o(!!handler_zi)
    __rt_lib_init                            0x08000241   Thumb Code     0  libinit.o(.ARM.Collect$$libinit$$00000000)
    __rt_lib_init_fp_1                       0x08000243   Thumb Code     0  libinit2.o(.ARM.Collect$$libinit$$00000001)
    __rt_lib_init_alloca_1                   0x08000247   Thumb Code     0  libinit2.o(.ARM.Collect$$libinit$$0000002E)
    __rt_lib_init_argv_1                     0x08000247   Thumb Code     0  libinit2.o(.ARM.Collect$$libinit$$0000002C)
    __rt_lib_init_atexit_1                   0x08000247   Thumb Code     0  libinit2.o(.ARM.Collect$$libinit$$0000001B)
    __rt_lib_init_clock_1                    0x08000247   Thumb Code     0  libinit2.o(.ARM.Collect$$libinit$$00000021)
    __rt_lib_init_cpp_1                      0x08000247   Thumb Code     0  libinit2.o(.ARM.Collect$$libinit$$00000032)
    __rt_lib_init_exceptions_1               0x08000247   Thumb Code     0  libinit2.o(.ARM.Collect$$libinit$$00000030)
    __rt_lib_init_fp_trap_1                  0x08000247   Thumb Code     0  libinit2.o(.ARM.Collect$$libinit$$0000001F)
    __rt_lib_init_getenv_1                   0x08000247   Thumb Code     0  libinit2.o(.ARM.Collect$$libinit$$00000023)
    __rt_lib_init_heap_1                     0x08000247   Thumb Code     0  libinit2.o(.ARM.Collect$$libinit$$0000000A)
    __rt_lib_init_lc_collate_1               0x08000247   Thumb Code     0  libinit2.o(.ARM.Collect$$libinit$$00000011)
    __rt_lib_init_lc_ctype_1                 0x08000247   Thumb Code     0  libinit2.o(.ARM.Collect$$libinit$$00000013)
    __rt_lib_init_lc_monetary_1              0x08000247   Thumb Code     0  libinit2.o(.ARM.Collect$$libinit$$00000015)
    __rt_lib_init_lc_numeric_1               0x08000247   Thumb Code     0  libinit2.o(.ARM.Collect$$libinit$$00000017)
    __rt_lib_init_lc_time_1                  0x08000247   Thumb Code     0  libinit2.o(.ARM.Collect$$libinit$$00000019)
    __rt_lib_init_preinit_1                  0x08000247   Thumb Code     0  libinit2.o(.ARM.Collect$$libinit$$00000004)
    __rt_lib_init_rand_1                     0x08000247   Thumb Code     0  libinit2.o(.ARM.Collect$$libinit$$0000000E)
    __rt_lib_init_return                     0x08000247   Thumb Code     0  libinit2.o(.ARM.Collect$$libinit$$00000033)
    __rt_lib_init_signal_1                   0x08000247   Thumb Code     0  libinit2.o(.ARM.Collect$$libinit$$0000001D)
    __rt_lib_init_stdio_1                    0x08000247   Thumb Code     0  libinit2.o(.ARM.Collect$$libinit$$00000025)
    __rt_lib_init_user_alloc_1               0x08000247   Thumb Code     0  libinit2.o(.ARM.Collect$$libinit$$0000000C)
    __rt_lib_shutdown                        0x08000249   Thumb Code     0  libshutdown.o(.ARM.Collect$$libshutdown$$00000000)
    __rt_lib_shutdown_fp_trap_1              0x0800024b   Thumb Code     0  libshutdown2.o(.ARM.Collect$$libshutdown$$00000006)
    __rt_lib_shutdown_heap_1                 0x0800024b   Thumb Code     0  libshutdown2.o(.ARM.Collect$$libshutdown$$0000000E)
    __rt_lib_shutdown_return                 0x0800024b   Thumb Code     0  libshutdown2.o(.ARM.Collect$$libshutdown$$0000000F)
    __rt_lib_shutdown_signal_1               0x0800024b   Thumb Code     0  libshutdown2.o(.ARM.Collect$$libshutdown$$00000009)
    __rt_lib_shutdown_stdio_1                0x0800024b   Thumb Code     0  libshutdown2.o(.ARM.Collect$$libshutdown$$00000003)
    __rt_lib_shutdown_user_alloc_1           0x0800024b   Thumb Code     0  libshutdown2.o(.ARM.Collect$$libshutdown$$0000000B)
    __rt_entry                               0x0800024d   Thumb Code     0  __rtentry.o(.ARM.Collect$$rtentry$$00000000)
    __rt_entry_presh_1                       0x0800024d   Thumb Code     0  __rtentry2.o(.ARM.Collect$$rtentry$$00000002)
    __rt_entry_sh                            0x0800024d   Thumb Code     0  __rtentry4.o(.ARM.Collect$$rtentry$$00000004)
    __rt_entry_li                            0x08000253   Thumb Code     0  __rtentry2.o(.ARM.Collect$$rtentry$$0000000A)
    __rt_entry_postsh_1                      0x08000253   Thumb Code     0  __rtentry2.o(.ARM.Collect$$rtentry$$00000009)
    __rt_entry_main                          0x08000257   Thumb Code     0  __rtentry2.o(.ARM.Collect$$rtentry$$0000000D)
    __rt_entry_postli_1                      0x08000257   Thumb Code     0  __rtentry2.o(.ARM.Collect$$rtentry$$0000000C)
    __rt_exit                                0x0800025f   Thumb Code     0  rtexit.o(.ARM.Collect$$rtexit$$00000000)
    __rt_exit_ls                             0x08000261   Thumb Code     0  rtexit2.o(.ARM.Collect$$rtexit$$00000003)
    __rt_exit_prels_1                        0x08000261   Thumb Code     0  rtexit2.o(.ARM.Collect$$rtexit$$00000002)
    __rt_exit_exit                           0x08000265   Thumb Code     0  rtexit2.o(.ARM.Collect$$rtexit$$00000004)
    Reset_Handler                            0x0800026d   Thumb Code     8  startup_stm32f427x.o(.text)
    ADC_IRQHandler                           0x08000287   Thumb Code     0  startup_stm32f427x.o(.text)
    CAN1_RX0_IRQHandler                      0x08000287   Thumb Code     0  startup_stm32f427x.o(.text)
    CAN1_RX1_IRQHandler                      0x08000287   Thumb Code     0  startup_stm32f427x.o(.text)
    CAN1_SCE_IRQHandler                      0x08000287   Thumb Code     0  startup_stm32f427x.o(.text)
    CAN1_TX_IRQHandler                       0x08000287   Thumb Code     0  startup_stm32f427x.o(.text)
    CAN2_RX0_IRQHandler                      0x08000287   Thumb Code     0  startup_stm32f427x.o(.text)
    CAN2_RX1_IRQHandler                      0x08000287   Thumb Code     0  startup_stm32f427x.o(.text)
    CAN2_SCE_IRQHandler                      0x08000287   Thumb Code     0  startup_stm32f427x.o(.text)
    CAN2_TX_IRQHandler                       0x08000287   Thumb Code     0  startup_stm32f427x.o(.text)
    CRYP_IRQHandler                          0x08000287   Thumb Code     0  startup_stm32f427x.o(.text)
    DCMI_IRQHandler                          0x08000287   Thumb Code     0  startup_stm32f427x.o(.text)
    DMA1_Stream0_IRQHandler                  0x08000287   Thumb Code     0  startup_stm32f427x.o(.text)
    DMA1_Stream1_IRQHandler                  0x08000287   Thumb Code     0  startup_stm32f427x.o(.text)
    DMA1_Stream2_IRQHandler                  0x08000287   Thumb Code     0  startup_stm32f427x.o(.text)
    DMA1_Stream3_IRQHandler                  0x08000287   Thumb Code     0  startup_stm32f427x.o(.text)
    DMA1_Stream4_IRQHandler                  0x08000287   Thumb Code     0  startup_stm32f427x.o(.text)
    DMA1_Stream5_IRQHandler                  0x08000287   Thumb Code     0  startup_stm32f427x.o(.text)
    DMA1_Stream6_IRQHandler                  0x08000287   Thumb Code     0  startup_stm32f427x.o(.text)
    DMA1_Stream7_IRQHandler                  0x08000287   Thumb Code     0  startup_stm32f427x.o(.text)
    DMA2D_IRQHandler                         0x08000287   Thumb Code     0  startup_stm32f427x.o(.text)
    DMA2_Stream0_IRQHandler                  0x08000287   Thumb Code     0  startup_stm32f427x.o(.text)
    DMA2_Stream1_IRQHandler                  0x08000287   Thumb Code     0  startup_stm32f427x.o(.text)
    DMA2_Stream2_IRQHandler                  0x08000287   Thumb Code     0  startup_stm32f427x.o(.text)
    DMA2_Stream3_IRQHandler                  0x08000287   Thumb Code     0  startup_stm32f427x.o(.text)
    DMA2_Stream4_IRQHandler                  0x08000287   Thumb Code     0  startup_stm32f427x.o(.text)
    DMA2_Stream5_IRQHandler                  0x08000287   Thumb Code     0  startup_stm32f427x.o(.text)
    DMA2_Stream6_IRQHandler                  0x08000287   Thumb Code     0  startup_stm32f427x.o(.text)
    DMA2_Stream7_IRQHandler                  0x08000287   Thumb Code     0  startup_stm32f427x.o(.text)
    ETH_IRQHandler                           0x08000287   Thumb Code     0  startup_stm32f427x.o(.text)
    ETH_WKUP_IRQHandler                      0x08000287   Thumb Code     0  startup_stm32f427x.o(.text)
    EXTI0_IRQHandler                         0x08000287   Thumb Code     0  startup_stm32f427x.o(.text)
    EXTI1_IRQHandler                         0x08000287   Thumb Code     0  startup_stm32f427x.o(.text)
    FLASH_IRQHandler                         0x08000287   Thumb Code     0  startup_stm32f427x.o(.text)
    FMC_IRQHandler                           0x08000287   Thumb Code     0  startup_stm32f427x.o(.text)
    FPU_IRQHandler                           0x08000287   Thumb Code     0  startup_stm32f427x.o(.text)
    HASH_RNG_IRQHandler                      0x08000287   Thumb Code     0  startup_stm32f427x.o(.text)
    I2C1_ER_IRQHandler                       0x08000287   Thumb Code     0  startup_stm32f427x.o(.text)
    I2C1_EV_IRQHandler                       0x08000287   Thumb Code     0  startup_stm32f427x.o(.text)
    I2C2_ER_IRQHandler                       0x08000287   Thumb Code     0  startup_stm32f427x.o(.text)
    I2C2_EV_IRQHandler                       0x08000287   Thumb Code     0  startup_stm32f427x.o(.text)
    I2C3_ER_IRQHandler                       0x08000287   Thumb Code     0  startup_stm32f427x.o(.text)
    I2C3_EV_IRQHandler                       0x08000287   Thumb Code     0  startup_stm32f427x.o(.text)
    OTG_FS_IRQHandler                        0x08000287   Thumb Code     0  startup_stm32f427x.o(.text)
    OTG_FS_WKUP_IRQHandler                   0x08000287   Thumb Code     0  startup_stm32f427x.o(.text)
    OTG_HS_EP1_IN_IRQHandler                 0x08000287   Thumb Code     0  startup_stm32f427x.o(.text)
    OTG_HS_EP1_OUT_IRQHandler                0x08000287   Thumb Code     0  startup_stm32f427x.o(.text)
    OTG_HS_IRQHandler                        0x08000287   Thumb Code     0  startup_stm32f427x.o(.text)
    OTG_HS_WKUP_IRQHandler                   0x08000287   Thumb Code     0  startup_stm32f427x.o(.text)
    PVD_IRQHandler                           0x08000287   Thumb Code     0  startup_stm32f427x.o(.text)
    RCC_IRQHandler                           0x08000287   Thumb Code     0  startup_stm32f427x.o(.text)
    RTC_Alarm_IRQHandler                     0x08000287   Thumb Code     0  startup_stm32f427x.o(.text)
    RTC_WKUP_IRQHandler                      0x08000287   Thumb Code     0  startup_stm32f427x.o(.text)
    SAI1_IRQHandler                          0x08000287   Thumb Code     0  startup_stm32f427x.o(.text)
    SDIO_IRQHandler                          0x08000287   Thumb Code     0  startup_stm32f427x.o(.text)
    SPI1_IRQHandler                          0x08000287   Thumb Code     0  startup_stm32f427x.o(.text)
    SPI2_IRQHandler                          0x08000287   Thumb Code     0  startup_stm32f427x.o(.text)
    SPI3_IRQHandler                          0x08000287   Thumb Code     0  startup_stm32f427x.o(.text)
    SPI4_IRQHandler                          0x08000287   Thumb Code     0  startup_stm32f427x.o(.text)
    SPI5_IRQHandler                          0x08000287   Thumb Code     0  startup_stm32f427x.o(.text)
    SPI6_IRQHandler                          0x08000287   Thumb Code     0  startup_stm32f427x.o(.text)
    TAMP_STAMP_IRQHandler                    0x08000287   Thumb Code     0  startup_stm32f427x.o(.text)
    TIM1_BRK_TIM9_IRQHandler                 0x08000287   Thumb Code     0  startup_stm32f427x.o(.text)
    TIM1_CC_IRQHandler                       0x08000287   Thumb Code     0  startup_stm32f427x.o(.text)
    TIM1_TRG_COM_TIM11_IRQHandler            0x08000287   Thumb Code     0  startup_stm32f427x.o(.text)
    TIM1_UP_TIM10_IRQHandler                 0x08000287   Thumb Code     0  startup_stm32f427x.o(.text)
    TIM2_IRQHandler                          0x08000287   Thumb Code     0  startup_stm32f427x.o(.text)
    TIM3_IRQHandler                          0x08000287   Thumb Code     0  startup_stm32f427x.o(.text)
    TIM6_DAC_IRQHandler                      0x08000287   Thumb Code     0  startup_stm32f427x.o(.text)
    TIM8_BRK_TIM12_IRQHandler                0x08000287   Thumb Code     0  startup_stm32f427x.o(.text)
    TIM8_CC_IRQHandler                       0x08000287   Thumb Code     0  startup_stm32f427x.o(.text)
    TIM8_TRG_COM_TIM14_IRQHandler            0x08000287   Thumb Code     0  startup_stm32f427x.o(.text)
    TIM8_UP_TIM13_IRQHandler                 0x08000287   Thumb Code     0  startup_stm32f427x.o(.text)
    UART7_IRQHandler                         0x08000287   Thumb Code     0  startup_stm32f427x.o(.text)
    USART2_IRQHandler                        0x08000287   Thumb Code     0  startup_stm32f427x.o(.text)
    USART3_IRQHandler                        0x08000287   Thumb Code     0  startup_stm32f427x.o(.text)
    USART6_IRQHandler                        0x08000287   Thumb Code     0  startup_stm32f427x.o(.text)
    WWDG_IRQHandler                          0x08000287   Thumb Code     0  startup_stm32f427x.o(.text)
    __user_initial_stackheap                 0x08000289   Thumb Code     0  startup_stm32f427x.o(.text)
    __use_no_semihosting                     0x080002ad   Thumb Code     2  use_no_semi_2.o(.text)
    __aeabi_ldivmod                          0x080002af   Thumb Code     0  llsdiv.o(.text)
    _ll_sdiv                                 0x080002af   Thumb Code    72  llsdiv.o(.text)
    __use_two_region_memory                  0x080002f7   Thumb Code     2  heapauxi.o(.text)
    __rt_heap_escrow$2region                 0x080002f9   Thumb Code     2  heapauxi.o(.text)
    __rt_heap_expand$2region                 0x080002fb   Thumb Code     2  heapauxi.o(.text)
    __I$use$semihosting                      0x080002fd   Thumb Code     0  use_no_semi.o(.text)
    __use_no_semihosting_swi                 0x080002fd   Thumb Code     2  use_no_semi.o(.text)
    __aeabi_uldivmod                         0x080002ff   Thumb Code     0  lludivv7m.o(.text)
    _ll_udiv                                 0x080002ff   Thumb Code   238  lludivv7m.o(.text)
    __user_setup_stackheap                   0x080003ed   Thumb Code    74  sys_stackheap_outer.o(.text)
    exit                                     0x08000437   Thumb Code    12  exit.o(.text)
    __user_libspace                          0x08000445   Thumb Code     8  libspace.o(.text)
    __user_perproc_libspace                  0x08000445   Thumb Code     0  libspace.o(.text)
    __user_perthread_libspace                0x08000445   Thumb Code     0  libspace.o(.text)
    ADC_Cmd                                  0x0800044d   Thumb Code    22  stm32f4xx_adc.o(i.ADC_Cmd)
    ADC_CommonInit                           0x08000465   Thumb Code    34  stm32f4xx_adc.o(i.ADC_CommonInit)
    ADC_Init                                 0x08000495   Thumb Code    74  stm32f4xx_adc.o(i.ADC_Init)
    Adc_Init                                 0x080004e9   Thumb Code   124  adc.o(i.Adc_Init)
    BEEP_Init                                0x0800056d   Thumb Code    60  beep.o(i.BEEP_Init)
    BNO055_Euler_Angle_Read                  0x080005ad   Thumb Code   280  bno055.o(i.BNO055_Euler_Angle_Read)
    BNO055_Init                              0x080006d5   Thumb Code   252  bno055.o(i.BNO055_Init)
    BNO055_READ                              0x080007d9   Thumb Code    58  bno055.o(i.BNO055_READ)
    BNO055_Response_Analysis                 0x0800081d   Thumb Code    50  bno055.o(i.BNO055_Response_Analysis)
    BNO055_Response_Receive                  0x08000855   Thumb Code   192  bno055.o(i.BNO055_Response_Receive)
    BNO055_WRITE                             0x0800092d   Thumb Code    56  bno055.o(i.BNO055_WRITE)
    Bat_Vol_Det_Init                         0x0800096d   Thumb Code     8  api.o(i.Bat_Vol_Det_Init)
    Buoyancy_GPIO_Control                    0x08000975   Thumb Code    70  buoyancy.o(i.Buoyancy_GPIO_Control)
    Buoyancy_GPIO_Init                       0x080009c1   Thumb Code    62  buoyancy.o(i.Buoyancy_GPIO_Init)
    BusFault_Handler                         0x08000a05   Thumb Code     4  stm32f4xx_it.o(i.BusFault_Handler)
    Buzzer_Init                              0x08000a09   Thumb Code     8  api.o(i.Buzzer_Init)
    DebugMon_Handler                         0x08000a11   Thumb Code     2  stm32f4xx_it.o(i.DebugMon_Handler)
    Downwater                                0x08000a13   Thumb Code    56  main.o(i.Downwater)
    EXTI15_10_IRQHandler                     0x08000a4d   Thumb Code   266  exti.o(i.EXTI15_10_IRQHandler)
    EXTI2_IRQHandler                         0x08000b61   Thumb Code    40  exti.o(i.EXTI2_IRQHandler)
    EXTI3_IRQHandler                         0x08000b8d   Thumb Code    40  exti.o(i.EXTI3_IRQHandler)
    EXTI4_IRQHandler                         0x08000bb9   Thumb Code    40  exti.o(i.EXTI4_IRQHandler)
    EXTI9_5_IRQHandler                       0x08000be5   Thumb Code   236  exti.o(i.EXTI9_5_IRQHandler)
    EXTIX_Indepent_Init                      0x08000cdd   Thumb Code  1468  exti.o(i.EXTIX_Indepent_Init)
    EXTI_ClearITPendingBit                   0x080012a1   Thumb Code     6  stm32f4xx_exti.o(i.EXTI_ClearITPendingBit)
    EXTI_GetFlagStatus                       0x080012ad   Thumb Code    20  stm32f4xx_exti.o(i.EXTI_GetFlagStatus)
    EXTI_Init                                0x080012c5   Thumb Code   142  stm32f4xx_exti.o(i.EXTI_Init)
    Euler_Angle_Read                         0x08001359   Thumb Code    10  api.o(i.Euler_Angle_Read)
    Exti_Port_Init                           0x08001369   Thumb Code    12  api.o(i.Exti_Port_Init)
    GPIO_Init                                0x08001375   Thumb Code   144  stm32f4xx_gpio.o(i.GPIO_Init)
    GPIO_PinAFConfig                         0x08001405   Thumb Code    70  stm32f4xx_gpio.o(i.GPIO_PinAFConfig)
    GPIO_ReadInputDataBit                    0x0800144b   Thumb Code    18  stm32f4xx_gpio.o(i.GPIO_ReadInputDataBit)
    GPIO_ResetBits                           0x0800145d   Thumb Code     4  stm32f4xx_gpio.o(i.GPIO_ResetBits)
    GPIO_SetBits                             0x08001461   Thumb Code     4  stm32f4xx_gpio.o(i.GPIO_SetBits)
    GPIO_WriteBit                            0x08001465   Thumb Code    10  stm32f4xx_gpio.o(i.GPIO_WriteBit)
    HP20X_GPIO_Init                          0x08001471   Thumb Code    56  hp20x.o(i.HP20X_GPIO_Init)
    HP20X_Init                               0x080014ad   Thumb Code    40  hp20x.o(i.HP20X_Init)
    HP20X_getDepth                           0x080014dd   Thumb Code    78  hp20x.o(i.HP20X_getDepth)
    HardFault_Handler                        0x08001541   Thumb Code     4  stm32f4xx_it.o(i.HardFault_Handler)
    Hp20X_WriteCmd                           0x08001545   Thumb Code    52  hp20x.o(i.Hp20X_WriteCmd)
    Hp20x_ReadPressure                       0x0800157d   Thumb Code   124  hp20x.o(i.Hp20x_ReadPressure)
    I2c_Ack                                  0x0800160d   Thumb Code    50  hp20x.o(i.I2c_Ack)
    I2c_Error                                0x08001649   Thumb Code    42  hp20x.o(i.I2c_Error)
    I2c_NoAck                                0x0800167d   Thumb Code    44  hp20x.o(i.I2c_NoAck)
    I2c_ReadByte                             0x080016b1   Thumb Code   130  hp20x.o(i.I2c_ReadByte)
    I2c_Start                                0x08001741   Thumb Code    56  hp20x.o(i.I2c_Start)
    I2c_Stop                                 0x08001781   Thumb Code    56  hp20x.o(i.I2c_Stop)
    I2c_WriteByte                            0x080017c1   Thumb Code   228  hp20x.o(i.I2c_WriteByte)
    Internal_System_Init                     0x080018b5   Thumb Code   142  api.o(i.Internal_System_Init)
    ItRecvPrc                                0x08001955   Thumb Code    94  433m.o(i.ItRecvPrc)
    MemManage_Handler                        0x080019c5   Thumb Code     4  stm32f4xx_it.o(i.MemManage_Handler)
    NMI_Handler                              0x080019c9   Thumb Code     2  stm32f4xx_it.o(i.NMI_Handler)
    NVIC_Init                                0x080019cd   Thumb Code   106  misc.o(i.NVIC_Init)
    NVIC_PriorityGroupConfig                 0x08001a45   Thumb Code    10  misc.o(i.NVIC_PriorityGroupConfig)
    PendSV_Handler                           0x08001a59   Thumb Code     2  stm32f4xx_it.o(i.PendSV_Handler)
    Propeller_Set                            0x08001a5d   Thumb Code   282  propeller.o(i.Propeller_Set)
    RCC_AHB1PeriphClockCmd                   0x08001b89   Thumb Code    26  stm32f4xx_rcc.o(i.RCC_AHB1PeriphClockCmd)
    RCC_APB1PeriphClockCmd                   0x08001ba9   Thumb Code    26  stm32f4xx_rcc.o(i.RCC_APB1PeriphClockCmd)
    RCC_APB1PeriphResetCmd                   0x08001bc9   Thumb Code    26  stm32f4xx_rcc.o(i.RCC_APB1PeriphResetCmd)
    RCC_APB2PeriphClockCmd                   0x08001be9   Thumb Code    26  stm32f4xx_rcc.o(i.RCC_APB2PeriphClockCmd)
    RCC_APB2PeriphResetCmd                   0x08001c09   Thumb Code    26  stm32f4xx_rcc.o(i.RCC_APB2PeriphResetCmd)
    RCC_GetClocksFreq                        0x08001c29   Thumb Code   214  stm32f4xx_rcc.o(i.RCC_GetClocksFreq)
    RGB_LED_Init                             0x08001d11   Thumb Code    60  led.o(i.RGB_LED_Init)
    RGB_LED_Write0                           0x08001d51   Thumb Code   364  led.o(i.RGB_LED_Write0)
    RGB_LED_Write1                           0x08001ec1   Thumb Code   364  led.o(i.RGB_LED_Write1)
    RGB_LED_Write_24Bits                     0x08002031   Thumb Code    28  led.o(i.RGB_LED_Write_24Bits)
    RGB_LED_Write_Byte                       0x0800204d   Thumb Code    38  led.o(i.RGB_LED_Write_Byte)
    SCC_TO_HUB_Init                          0x08002073   Thumb Code    12  api.o(i.SCC_TO_HUB_Init)
    SET433MPIN_Init                          0x08002081   Thumb Code    60  433m.o(i.SET433MPIN_Init)
    SET_433M                                 0x080020c1   Thumb Code    50  433m.o(i.SET_433M)
    SVC_Handler                              0x080020fd   Thumb Code     2  stm32f4xx_it.o(i.SVC_Handler)
    SYSCFG_EXTILineConfig                    0x08002101   Thumb Code    60  stm32f4xx_syscfg.o(i.SYSCFG_EXTILineConfig)
    Senser_State_Set                         0x08002141   Thumb Code    20  exti.o(i.Senser_State_Set)
    Sensor_BNO055_Init                       0x08002159   Thumb Code    60  api.o(i.Sensor_BNO055_Init)
    Sensor_HP20X_GetDepth                    0x08002199   Thumb Code    24  api.o(i.Sensor_HP20X_GetDepth)
    Sensor_HP20X_Init                        0x080021b1   Thumb Code    12  api.o(i.Sensor_HP20X_Init)
    Sensor_State_Reset                       0x080021bd   Thumb Code    20  exti.o(i.Sensor_State_Reset)
    Servo_Analysis                           0x080021d5   Thumb Code   480  servo.o(i.Servo_Analysis)
    Servo_Set                                0x080023f9   Thumb Code    16  api.o(i.Servo_Set)
    SysTick_CLKSourceConfig                  0x08002529   Thumb Code    40  misc.o(i.SysTick_CLKSourceConfig)
    SysTick_Handler                          0x08002551   Thumb Code     2  stm32f4xx_it.o(i.SysTick_Handler)
    SystemInit                               0x08002555   Thumb Code    88  system_stm32f4xx.o(i.SystemInit)
    TIM11_PWM_Init                           0x080026e1   Thumb Code   162  pwm.o(i.TIM11_PWM_Init)
    TIM1_PWM_Init                            0x0800278d   Thumb Code   402  pwm.o(i.TIM1_PWM_Init)
    TIM2_PWM_Init                            0x08002929   Thumb Code   164  pwm.o(i.TIM2_PWM_Init)
    TIM3_PWM_Init                            0x080029d1   Thumb Code   274  pwm.o(i.TIM3_PWM_Init)
    TIM4_Cap_Init                            0x08002af1   Thumb Code   280  timer.o(i.TIM4_Cap_Init)
    TIM4_IRQHandler                          0x08002c15   Thumb Code   750  timer.o(i.TIM4_IRQHandler)
    TIM4_PWM_Init                            0x08002f69   Thumb Code   168  pwm.o(i.TIM4_PWM_Init)
    TIM5_Cap_Init                            0x08003019   Thumb Code   278  timer.o(i.TIM5_Cap_Init)
    TIM5_IRQHandler                          0x0800313d   Thumb Code   746  timer.o(i.TIM5_IRQHandler)
    TIM7_IRQHandler                          0x0800348d   Thumb Code   252  timer.o(i.TIM7_IRQHandler)
    TIM7_Int_Init                            0x080035d1   Thumb Code    88  timer.o(i.TIM7_Int_Init)
    TIM8_PWM_Init                            0x0800362d   Thumb Code   244  pwm.o(i.TIM8_PWM_Init)
    TIM9_PWM_Init                            0x08003729   Thumb Code   242  pwm.o(i.TIM9_PWM_Init)
    TIM_ARRPreloadConfig                     0x08003825   Thumb Code    24  stm32f4xx_tim.o(i.TIM_ARRPreloadConfig)
    TIM_ClearITPendingBit                    0x0800383d   Thumb Code     6  stm32f4xx_tim.o(i.TIM_ClearITPendingBit)
    TIM_Cmd                                  0x08003843   Thumb Code    24  stm32f4xx_tim.o(i.TIM_Cmd)
    TIM_CtrlPWMOutputs                       0x0800385b   Thumb Code    30  stm32f4xx_tim.o(i.TIM_CtrlPWMOutputs)
    TIM_GetCapture1                          0x08003879   Thumb Code     6  stm32f4xx_tim.o(i.TIM_GetCapture1)
    TIM_GetCapture2                          0x0800387f   Thumb Code     6  stm32f4xx_tim.o(i.TIM_GetCapture2)
    TIM_GetCapture3                          0x08003885   Thumb Code     6  stm32f4xx_tim.o(i.TIM_GetCapture3)
    TIM_GetCapture4                          0x0800388b   Thumb Code     6  stm32f4xx_tim.o(i.TIM_GetCapture4)
    TIM_GetITStatus                          0x08003891   Thumb Code    34  stm32f4xx_tim.o(i.TIM_GetITStatus)
    TIM_ICInit                               0x080038b3   Thumb Code   110  stm32f4xx_tim.o(i.TIM_ICInit)
    TIM_ITConfig                             0x08003921   Thumb Code    18  stm32f4xx_tim.o(i.TIM_ITConfig)
    TIM_OC1Init                              0x08003935   Thumb Code   114  stm32f4xx_tim.o(i.TIM_OC1Init)
    TIM_OC1PreloadConfig                     0x080039b1   Thumb Code    18  stm32f4xx_tim.o(i.TIM_OC1PreloadConfig)
    TIM_OC2Init                              0x080039c5   Thumb Code   154  stm32f4xx_tim.o(i.TIM_OC2Init)
    TIM_OC2PreloadConfig                     0x08003a69   Thumb Code    26  stm32f4xx_tim.o(i.TIM_OC2PreloadConfig)
    TIM_OC3Init                              0x08003a85   Thumb Code   150  stm32f4xx_tim.o(i.TIM_OC3Init)
    TIM_OC3PreloadConfig                     0x08003b25   Thumb Code    18  stm32f4xx_tim.o(i.TIM_OC3PreloadConfig)
    TIM_OC4Init                              0x08003b39   Thumb Code   112  stm32f4xx_tim.o(i.TIM_OC4Init)
    TIM_OC4PreloadConfig                     0x08003bb1   Thumb Code    26  stm32f4xx_tim.o(i.TIM_OC4PreloadConfig)
    TIM_SetCompare1                          0x08003bcb   Thumb Code     4  stm32f4xx_tim.o(i.TIM_SetCompare1)
    TIM_SetCompare2                          0x08003bcf   Thumb Code     4  stm32f4xx_tim.o(i.TIM_SetCompare2)
    TIM_SetCompare3                          0x08003bd3   Thumb Code     4  stm32f4xx_tim.o(i.TIM_SetCompare3)
    TIM_SetCompare4                          0x08003bd7   Thumb Code     4  stm32f4xx_tim.o(i.TIM_SetCompare4)
    TIM_SetIC1Prescaler                      0x08003bdb   Thumb Code    18  stm32f4xx_tim.o(i.TIM_SetIC1Prescaler)
    TIM_SetIC2Prescaler                      0x08003bed   Thumb Code    26  stm32f4xx_tim.o(i.TIM_SetIC2Prescaler)
    TIM_SetIC3Prescaler                      0x08003c07   Thumb Code    18  stm32f4xx_tim.o(i.TIM_SetIC3Prescaler)
    TIM_SetIC4Prescaler                      0x08003c19   Thumb Code    26  stm32f4xx_tim.o(i.TIM_SetIC4Prescaler)
    TIM_TimeBaseInit                         0x08003c35   Thumb Code   104  stm32f4xx_tim.o(i.TIM_TimeBaseInit)
    TJQ_Control                              0x08003cb9   Thumb Code    20  api.o(i.TJQ_Control)
    TJQ_Init                                 0x08003ccd   Thumb Code    56  api.o(i.TJQ_Init)
    T_DIR_Init                               0x08003d05   Thumb Code   112  propeller.o(i.T_DIR_Init)
    UART4_IRQHandler                         0x08003d7d   Thumb Code    34  usart.o(i.UART4_IRQHandler)
    UART5_IRQHandler                         0x08003da5   Thumb Code    40  usart.o(i.UART5_IRQHandler)
    UART8_IRQHandler                         0x08003dd1   Thumb Code    40  usart.o(i.UART8_IRQHandler)
    URAT8_DATA_Analysis                      0x08003dfd   Thumb Code  1808  external.o(i.URAT8_DATA_Analysis)
    USART1_IRQHandler                        0x0800452d   Thumb Code    40  usart.o(i.USART1_IRQHandler)
    USART1_SendChar                          0x08004559   Thumb Code    28  usart.o(i.USART1_SendChar)
    USART1_SendString                        0x08004579   Thumb Code    22  usart.o(i.USART1_SendString)
    USART_ClearITPendingBit                  0x0800458f   Thumb Code    30  stm32f4xx_usart.o(i.USART_ClearITPendingBit)
    USART_Cmd                                0x080045ad   Thumb Code    24  stm32f4xx_usart.o(i.USART_Cmd)
    USART_DeInit                             0x080045c5   Thumb Code   206  stm32f4xx_usart.o(i.USART_DeInit)
    USART_GetFlagStatus                      0x080046b5   Thumb Code    26  stm32f4xx_usart.o(i.USART_GetFlagStatus)
    USART_GetITStatus                        0x080046cf   Thumb Code    84  stm32f4xx_usart.o(i.USART_GetITStatus)
    USART_ITConfig                           0x08004723   Thumb Code    74  stm32f4xx_usart.o(i.USART_ITConfig)
    USART_Init                               0x0800476d   Thumb Code   204  stm32f4xx_usart.o(i.USART_Init)
    USART_ReceiveData                        0x08004841   Thumb Code    10  stm32f4xx_usart.o(i.USART_ReceiveData)
    USART_SendData                           0x0800484b   Thumb Code     8  stm32f4xx_usart.o(i.USART_SendData)
    UsageFault_Handler                       0x08004853   Thumb Code     4  stm32f4xx_it.o(i.UsageFault_Handler)
    Visual_Alarm_Light                       0x08004857   Thumb Code    20  api.o(i.Visual_Alarm_Light)
    Visual_Alarm_Light_Init                  0x0800486b   Thumb Code     8  api.o(i.Visual_Alarm_Light_Init)
    WM_433M_Init                             0x08004873   Thumb Code    16  api.o(i.WM_433M_Init)
    WM_433M_SET                              0x08004883   Thumb Code    12  api.o(i.WM_433M_SET)
    _sys_exit                                0x0800488f   Thumb Code     4  usart.o(i._sys_exit)
    delay_init                               0x08004895   Thumb Code    52  delay.o(i.delay_init)
    delay_ms                                 0x080048d1   Thumb Code    56  delay.o(i.delay_ms)
    delay_us                                 0x08004909   Thumb Code    72  delay.o(i.delay_us)
    delay_xms                                0x08004955   Thumb Code    72  delay.o(i.delay_xms)
    main                                     0x080049a1   Thumb Code   282  main.o(i.main)
    uart5_init                               0x08004ae5   Thumb Code   252  usart.o(i.uart5_init)
    uart8_init                               0x08004bed   Thumb Code   176  usart.o(i.uart8_init)
    uart_init                                0x08004ca5   Thumb Code   178  usart.o(i.uart_init)
    __aeabi_d2f                              0x08004d61   Thumb Code     0  d2f.o(x$fpl$d2f)
    _d2f                                     0x08004d61   Thumb Code    98  d2f.o(x$fpl$d2f)
    __aeabi_dadd                             0x08004dc5   Thumb Code     0  daddsub_clz.o(x$fpl$dadd)
    _dadd                                    0x08004dc5   Thumb Code   332  daddsub_clz.o(x$fpl$dadd)
    __aeabi_ddiv                             0x08004f15   Thumb Code     0  ddiv.o(x$fpl$ddiv)
    _ddiv                                    0x08004f15   Thumb Code   552  ddiv.o(x$fpl$ddiv)
    __aeabi_d2uiz                            0x080051c5   Thumb Code     0  dfixu.o(x$fpl$dfixu)
    _dfixu                                   0x080051c5   Thumb Code    90  dfixu.o(x$fpl$dfixu)
    __aeabi_ui2d                             0x0800521f   Thumb Code     0  dflt_clz.o(x$fpl$dfltu)
    _dfltu                                   0x0800521f   Thumb Code    38  dflt_clz.o(x$fpl$dfltu)
    __aeabi_dmul                             0x08005245   Thumb Code     0  dmul.o(x$fpl$dmul)
    _dmul                                    0x08005245   Thumb Code   332  dmul.o(x$fpl$dmul)
    __fpl_dnaninf                            0x08005399   Thumb Code   156  dnaninf.o(x$fpl$dnaninf)
    __fpl_dretinf                            0x08005435   Thumb Code    12  dretinf.o(x$fpl$dretinf)
    __aeabi_dsub                             0x08005441   Thumb Code     0  daddsub_clz.o(x$fpl$dsub)
    _dsub                                    0x08005441   Thumb Code   464  daddsub_clz.o(x$fpl$dsub)
    __aeabi_f2d                              0x08005615   Thumb Code     0  f2d.o(x$fpl$f2d)
    _f2d                                     0x08005615   Thumb Code    86  f2d.o(x$fpl$f2d)
    __fpl_fnaninf                            0x0800566b   Thumb Code   140  fnaninf.o(x$fpl$fnaninf)
    _fp_init                                 0x080056f7   Thumb Code    10  fpinit.o(x$fpl$fpinit)
    __fplib_config_fpu_vfp                   0x080056ff   Thumb Code     0  fpinit.o(x$fpl$fpinit)
    __fplib_config_pureend_doubles           0x080056ff   Thumb Code     0  fpinit.o(x$fpl$fpinit)
    __fpl_fretinf                            0x08005701   Thumb Code    10  fretinf.o(x$fpl$fretinf)
    __I$use$fp                               0x0800570a   Number         0  usenofp.o(x$fpl$usenofp)
    Region$$Table$$Base                      0x0800570c   Number         0  anon$$obj.o(Region$$Table)
    Region$$Table$$Limit                     0x0800572c   Number         0  anon$$obj.o(Region$$Table)
    setmode                                  0x20000000   Data           1  433m.o(.data)
    checksum                                 0x20000004   Data           4  433m.o(.data)
    RX_STATE                                 0x2000000a   Data           1  433m.o(.data)
    BNO055_Read_Command                      0x2000000c   Data           4  bno055.o(.data)
    BNO055_Write_Command                     0x20000010   Data           5  bno055.o(.data)
    BNO055_Response                          0x20000015   Data           8  bno055.o(.data)
    Receive_Buffer                           0x2000001d   Data           8  bno055.o(.data)
    id                                       0x20000028   Data           1  bno055.o(.data)
    yaw                                      0x2000002a   Data           2  bno055.o(.data)
    roll                                     0x2000002c   Data           4  bno055.o(.data)
    pitch                                    0x20000030   Data           4  bno055.o(.data)
    Sensor_State_All                         0x20000034   Data           2  exti.o(.data)
    F_VarIT_I2cAck                           0x20000038   Data           1  hp20x.o(.data)
    PressBuf                                 0x2000003c   Data           4  hp20x.o(.data)
    AltitudeBuf                              0x20000040   Data           4  hp20x.o(.data)
    TemperatureBuf                           0x20000044   Data           4  hp20x.o(.data)
    SensorData_P                             0x20000048   Data           4  hp20x.o(.data)
    SensorData_T                             0x2000004c   Data           4  hp20x.o(.data)
    SensorData_A                             0x20000050   Data           4  hp20x.o(.data)
    __SENSOR_P__                             0x20000054   Data           4  hp20x.o(.data)
    Read_TPH                                 0x20000058   Data           1  hp20x.o(.data)
    NUM                                      0x20000060   Data          10  timer.o(.data)
    speed                                    0x2000006a   Data           4  timer.o(.data)
    sp                                       0x2000006e   Data           4  timer.o(.data)
    di                                       0x20000072   Data           4  timer.o(.data)
    fx                                       0x20000076   Data           2  timer.o(.data)
    i                                        0x20000078   Data           4  timer.o(.data)
    j_num                                    0x2000007c   Data           4  timer.o(.data)
    z_num                                    0x20000080   Data           4  timer.o(.data)
    tempnum                                  0x20000084   Data           4  timer.o(.data)
    TEMP                                     0x20000088   Data           4  timer.o(.data)
    TIM5TotalCapture_ch1                     0x200000a8   Data           8  timer.o(.data)
    TIM5TotalCapture_ch2                     0x200000d0   Data           8  timer.o(.data)
    TIM5TotalCapture_ch3                     0x200000f8   Data           8  timer.o(.data)
    TIM5TotalCapture_ch4                     0x20000120   Data           8  timer.o(.data)
    TIM4TotalCapture_ch1                     0x20000148   Data           8  timer.o(.data)
    TIM4TotalCapture_ch2                     0x20000170   Data           8  timer.o(.data)
    TIM4TotalCapture_ch3                     0x20000198   Data           8  timer.o(.data)
    TIM4TotalCapture_ch4                     0x200001c0   Data           8  timer.o(.data)
    T1_Speed                                 0x200001c8   Data           2  timer.o(.data)
    T2_Speed                                 0x200001ca   Data           2  timer.o(.data)
    T3_Speed                                 0x200001cc   Data           2  timer.o(.data)
    T4_Speed                                 0x200001ce   Data           2  timer.o(.data)
    T5_Speed                                 0x200001d0   Data           2  timer.o(.data)
    T6_Speed                                 0x200001d2   Data           2  timer.o(.data)
    T7_Speed                                 0x200001d4   Data           2  timer.o(.data)
    T8_Speed                                 0x200001d6   Data           2  timer.o(.data)
    jsq                                      0x200001e4   Data           4  external.o(.data)
    yuan                                     0x200001e8   Data           4  external.o(.data)
    fang                                     0x200001ec   Data           4  external.o(.data)
    cha                                      0x200001f0   Data           4  external.o(.data)
    one                                      0x200001f4   Data           4  external.o(.data)
    two                                      0x200001f8   Data           4  external.o(.data)
    three                                    0x200001fc   Data           4  external.o(.data)
    four                                     0x20000200   Data           4  external.o(.data)
    mind                                     0x20000204   Data           4  external.o(.data)
    Packet_433M                              0x2000021c   Data          10  433m.o(.bss)
    TIM5_ICInitStructure                     0x20000226   Data          10  timer.o(.bss)
    TIM4_ICInitStructure                     0x20000230   Data          10  timer.o(.bss)
    __libspace_start                         0x2000023c   Data          96  libspace.o(.bss)
    __temporary_stack_top$libspace           0x2000029c   Data           0  libspace.o(.bss)



==============================================================================

Memory Map of the image

  Image Entry point : 0x080001ad

  Load Region LR_IROM1 (Base: 0x08000000, Size: 0x00005948, Max: 0x00200000, ABSOLUTE, COMPRESSED[0x00005770])

    Execution Region ER_IROM1 (Base: 0x08000000, Size: 0x0000572c, Max: 0x00200000, ABSOLUTE)

    Base Addr    Size         Type   Attr      Idx    E Section Name        Object

    0x08000000   0x000001ac   Data   RO         1480    RESET               startup_stm32f427x.o
    0x080001ac   0x00000008   Code   RO         3373  * !!!main             c_w.l(__main.o)
    0x080001b4   0x00000034   Code   RO         3580    !!!scatter          c_w.l(__scatter.o)
    0x080001e8   0x0000003a   Code   RO         3578    !!dczerorl          c_w.l(__dczerorl.o)
    0x08000222   0x00000002   PAD
    0x08000224   0x0000001c   Code   RO         3582    !!handler_zi        c_w.l(__scatter_zi.o)
    0x08000240   0x00000002   Code   RO         3449    .ARM.Collect$$libinit$$00000000  c_w.l(libinit.o)
    0x08000242   0x00000004   Code   RO         3459    .ARM.Collect$$libinit$$00000001  c_w.l(libinit2.o)
    0x08000246   0x00000000   Code   RO         3462    .ARM.Collect$$libinit$$00000004  c_w.l(libinit2.o)
    0x08000246   0x00000000   Code   RO         3465    .ARM.Collect$$libinit$$0000000A  c_w.l(libinit2.o)
    0x08000246   0x00000000   Code   RO         3467    .ARM.Collect$$libinit$$0000000C  c_w.l(libinit2.o)
    0x08000246   0x00000000   Code   RO         3469    .ARM.Collect$$libinit$$0000000E  c_w.l(libinit2.o)
    0x08000246   0x00000000   Code   RO         3472    .ARM.Collect$$libinit$$00000011  c_w.l(libinit2.o)
    0x08000246   0x00000000   Code   RO         3474    .ARM.Collect$$libinit$$00000013  c_w.l(libinit2.o)
    0x08000246   0x00000000   Code   RO         3476    .ARM.Collect$$libinit$$00000015  c_w.l(libinit2.o)
    0x08000246   0x00000000   Code   RO         3478    .ARM.Collect$$libinit$$00000017  c_w.l(libinit2.o)
    0x08000246   0x00000000   Code   RO         3480    .ARM.Collect$$libinit$$00000019  c_w.l(libinit2.o)
    0x08000246   0x00000000   Code   RO         3482    .ARM.Collect$$libinit$$0000001B  c_w.l(libinit2.o)
    0x08000246   0x00000000   Code   RO         3484    .ARM.Collect$$libinit$$0000001D  c_w.l(libinit2.o)
    0x08000246   0x00000000   Code   RO         3486    .ARM.Collect$$libinit$$0000001F  c_w.l(libinit2.o)
    0x08000246   0x00000000   Code   RO         3488    .ARM.Collect$$libinit$$00000021  c_w.l(libinit2.o)
    0x08000246   0x00000000   Code   RO         3490    .ARM.Collect$$libinit$$00000023  c_w.l(libinit2.o)
    0x08000246   0x00000000   Code   RO         3492    .ARM.Collect$$libinit$$00000025  c_w.l(libinit2.o)
    0x08000246   0x00000000   Code   RO         3496    .ARM.Collect$$libinit$$0000002C  c_w.l(libinit2.o)
    0x08000246   0x00000000   Code   RO         3498    .ARM.Collect$$libinit$$0000002E  c_w.l(libinit2.o)
    0x08000246   0x00000000   Code   RO         3500    .ARM.Collect$$libinit$$00000030  c_w.l(libinit2.o)
    0x08000246   0x00000000   Code   RO         3502    .ARM.Collect$$libinit$$00000032  c_w.l(libinit2.o)
    0x08000246   0x00000002   Code   RO         3503    .ARM.Collect$$libinit$$00000033  c_w.l(libinit2.o)
    0x08000248   0x00000002   Code   RO         3531    .ARM.Collect$$libshutdown$$00000000  c_w.l(libshutdown.o)
    0x0800024a   0x00000000   Code   RO         3546    .ARM.Collect$$libshutdown$$00000003  c_w.l(libshutdown2.o)
    0x0800024a   0x00000000   Code   RO         3549    .ARM.Collect$$libshutdown$$00000006  c_w.l(libshutdown2.o)
    0x0800024a   0x00000000   Code   RO         3552    .ARM.Collect$$libshutdown$$00000009  c_w.l(libshutdown2.o)
    0x0800024a   0x00000000   Code   RO         3554    .ARM.Collect$$libshutdown$$0000000B  c_w.l(libshutdown2.o)
    0x0800024a   0x00000000   Code   RO         3557    .ARM.Collect$$libshutdown$$0000000E  c_w.l(libshutdown2.o)
    0x0800024a   0x00000002   Code   RO         3558    .ARM.Collect$$libshutdown$$0000000F  c_w.l(libshutdown2.o)
    0x0800024c   0x00000000   Code   RO         3405    .ARM.Collect$$rtentry$$00000000  c_w.l(__rtentry.o)
    0x0800024c   0x00000000   Code   RO         3420    .ARM.Collect$$rtentry$$00000002  c_w.l(__rtentry2.o)
    0x0800024c   0x00000006   Code   RO         3432    .ARM.Collect$$rtentry$$00000004  c_w.l(__rtentry4.o)
    0x08000252   0x00000000   Code   RO         3422    .ARM.Collect$$rtentry$$00000009  c_w.l(__rtentry2.o)
    0x08000252   0x00000004   Code   RO         3423    .ARM.Collect$$rtentry$$0000000A  c_w.l(__rtentry2.o)
    0x08000256   0x00000000   Code   RO         3425    .ARM.Collect$$rtentry$$0000000C  c_w.l(__rtentry2.o)
    0x08000256   0x00000008   Code   RO         3426    .ARM.Collect$$rtentry$$0000000D  c_w.l(__rtentry2.o)
    0x0800025e   0x00000002   Code   RO         3453    .ARM.Collect$$rtexit$$00000000  c_w.l(rtexit.o)
    0x08000260   0x00000000   Code   RO         3505    .ARM.Collect$$rtexit$$00000002  c_w.l(rtexit2.o)
    0x08000260   0x00000004   Code   RO         3506    .ARM.Collect$$rtexit$$00000003  c_w.l(rtexit2.o)
    0x08000264   0x00000006   Code   RO         3507    .ARM.Collect$$rtexit$$00000004  c_w.l(rtexit2.o)
    0x0800026a   0x00000002   PAD
    0x0800026c   0x00000040   Code   RO         1481    .text               startup_stm32f427x.o
    0x080002ac   0x00000002   Code   RO         3367    .text               c_w.l(use_no_semi_2.o)
    0x080002ae   0x00000048   Code   RO         3369    .text               c_w.l(llsdiv.o)
    0x080002f6   0x00000006   Code   RO         3371    .text               c_w.l(heapauxi.o)
    0x080002fc   0x00000002   Code   RO         3403    .text               c_w.l(use_no_semi.o)
    0x080002fe   0x000000ee   Code   RO         3406    .text               c_w.l(lludivv7m.o)
    0x080003ec   0x0000004a   Code   RO         3438    .text               c_w.l(sys_stackheap_outer.o)
    0x08000436   0x0000000c   Code   RO         3442    .text               c_w.l(exit.o)
    0x08000442   0x00000002   PAD
    0x08000444   0x00000008   Code   RO         3450    .text               c_w.l(libspace.o)
    0x0800044c   0x00000016   Code   RO         3081    i.ADC_Cmd           stm32f4xx_adc.o
    0x08000462   0x00000002   PAD
    0x08000464   0x00000030   Code   RO         3082    i.ADC_CommonInit    stm32f4xx_adc.o
    0x08000494   0x00000054   Code   RO         3101    i.ADC_Init          stm32f4xx_adc.o
    0x080004e8   0x00000084   Code   RO         1174    i.Adc_Init          adc.o
    0x0800056c   0x00000040   Code   RO          730    i.BEEP_Init         beep.o
    0x080005ac   0x00000128   Code   RO          792    i.BNO055_Euler_Angle_Read  bno055.o
    0x080006d4   0x00000104   Code   RO          793    i.BNO055_Init       bno055.o
    0x080007d8   0x00000044   Code   RO          794    i.BNO055_READ       bno055.o
    0x0800081c   0x00000038   Code   RO          795    i.BNO055_Response_Analysis  bno055.o
    0x08000854   0x000000d8   Code   RO          796    i.BNO055_Response_Receive  bno055.o
    0x0800092c   0x00000040   Code   RO          797    i.BNO055_WRITE      bno055.o
    0x0800096c   0x00000008   Code   RO          391    i.Bat_Vol_Det_Init  api.o
    0x08000974   0x0000004c   Code   RO         1218    i.Buoyancy_GPIO_Control  buoyancy.o
    0x080009c0   0x00000044   Code   RO         1219    i.Buoyancy_GPIO_Init  buoyancy.o
    0x08000a04   0x00000004   Code   RO          257    i.BusFault_Handler  stm32f4xx_it.o
    0x08000a08   0x00000008   Code   RO          395    i.Buzzer_Init       api.o
    0x08000a10   0x00000002   Code   RO          258    i.DebugMon_Handler  stm32f4xx_it.o
    0x08000a12   0x00000038   Code   RO            3    i.Downwater         main.o
    0x08000a4a   0x00000002   PAD
    0x08000a4c   0x00000114   Code   RO          886    i.EXTI15_10_IRQHandler  exti.o
    0x08000b60   0x0000002c   Code   RO          887    i.EXTI2_IRQHandler  exti.o
    0x08000b8c   0x0000002c   Code   RO          888    i.EXTI3_IRQHandler  exti.o
    0x08000bb8   0x0000002c   Code   RO          889    i.EXTI4_IRQHandler  exti.o
    0x08000be4   0x000000f8   Code   RO          890    i.EXTI9_5_IRQHandler  exti.o
    0x08000cdc   0x000005c4   Code   RO          891    i.EXTIX_Indepent_Init  exti.o
    0x080012a0   0x0000000c   Code   RO         2886    i.EXTI_ClearITPendingBit  stm32f4xx_exti.o
    0x080012ac   0x00000018   Code   RO         2889    i.EXTI_GetFlagStatus  stm32f4xx_exti.o
    0x080012c4   0x00000094   Code   RO         2891    i.EXTI_Init         stm32f4xx_exti.o
    0x08001358   0x00000010   Code   RO          398    i.Euler_Angle_Read  api.o
    0x08001368   0x0000000c   Code   RO          399    i.Exti_Port_Init    api.o
    0x08001374   0x00000090   Code   RO         1532    i.GPIO_Init         stm32f4xx_gpio.o
    0x08001404   0x00000046   Code   RO         1533    i.GPIO_PinAFConfig  stm32f4xx_gpio.o
    0x0800144a   0x00000012   Code   RO         1536    i.GPIO_ReadInputDataBit  stm32f4xx_gpio.o
    0x0800145c   0x00000004   Code   RO         1539    i.GPIO_ResetBits    stm32f4xx_gpio.o
    0x08001460   0x00000004   Code   RO         1540    i.GPIO_SetBits      stm32f4xx_gpio.o
    0x08001464   0x0000000a   Code   RO         1544    i.GPIO_WriteBit     stm32f4xx_gpio.o
    0x0800146e   0x00000002   PAD
    0x08001470   0x0000003c   Code   RO          954    i.HP20X_GPIO_Init   hp20x.o
    0x080014ac   0x00000030   Code   RO          955    i.HP20X_Init        hp20x.o
    0x080014dc   0x00000064   Code   RO          957    i.HP20X_getDepth    hp20x.o
    0x08001540   0x00000004   Code   RO          259    i.HardFault_Handler  stm32f4xx_it.o
    0x08001544   0x00000038   Code   RO          958    i.Hp20X_WriteCmd    hp20x.o
    0x0800157c   0x00000090   Code   RO          961    i.Hp20x_ReadPressure  hp20x.o
    0x0800160c   0x0000003c   Code   RO          964    i.I2c_Ack           hp20x.o
    0x08001648   0x00000034   Code   RO          965    i.I2c_Error         hp20x.o
    0x0800167c   0x00000034   Code   RO          966    i.I2c_NoAck         hp20x.o
    0x080016b0   0x00000090   Code   RO          967    i.I2c_ReadByte      hp20x.o
    0x08001740   0x00000040   Code   RO          968    i.I2c_Start         hp20x.o
    0x08001780   0x00000040   Code   RO          969    i.I2c_Stop          hp20x.o
    0x080017c0   0x000000f4   Code   RO          970    i.I2c_WriteByte     hp20x.o
    0x080018b4   0x000000a0   Code   RO          400    i.Internal_System_Init  api.o
    0x08001954   0x00000070   Code   RO          750    i.ItRecvPrc         433m.o
    0x080019c4   0x00000004   Code   RO          260    i.MemManage_Handler  stm32f4xx_it.o
    0x080019c8   0x00000002   Code   RO          261    i.NMI_Handler       stm32f4xx_it.o
    0x080019ca   0x00000002   PAD
    0x080019cc   0x00000078   Code   RO         1487    i.NVIC_Init         misc.o
    0x08001a44   0x00000014   Code   RO         1488    i.NVIC_PriorityGroupConfig  misc.o
    0x08001a58   0x00000002   Code   RO          262    i.PendSV_Handler    stm32f4xx_it.o
    0x08001a5a   0x00000002   PAD
    0x08001a5c   0x0000012c   Code   RO         1077    i.Propeller_Set     propeller.o
    0x08001b88   0x00000020   Code   RO         1629    i.RCC_AHB1PeriphClockCmd  stm32f4xx_rcc.o
    0x08001ba8   0x00000020   Code   RO         1638    i.RCC_APB1PeriphClockCmd  stm32f4xx_rcc.o
    0x08001bc8   0x00000020   Code   RO         1640    i.RCC_APB1PeriphResetCmd  stm32f4xx_rcc.o
    0x08001be8   0x00000020   Code   RO         1641    i.RCC_APB2PeriphClockCmd  stm32f4xx_rcc.o
    0x08001c08   0x00000020   Code   RO         1643    i.RCC_APB2PeriphResetCmd  stm32f4xx_rcc.o
    0x08001c28   0x000000e8   Code   RO         1650    i.RCC_GetClocksFreq  stm32f4xx_rcc.o
    0x08001d10   0x00000040   Code   RO          621    i.RGB_LED_Init      led.o
    0x08001d50   0x00000170   Code   RO          623    i.RGB_LED_Write0    led.o
    0x08001ec0   0x00000170   Code   RO          624    i.RGB_LED_Write1    led.o
    0x08002030   0x0000001c   Code   RO          625    i.RGB_LED_Write_24Bits  led.o
    0x0800204c   0x00000026   Code   RO          626    i.RGB_LED_Write_Byte  led.o
    0x08002072   0x0000000c   Code   RO          406    i.SCC_TO_HUB_Init   api.o
    0x0800207e   0x00000002   PAD
    0x08002080   0x00000040   Code   RO          752    i.SET433MPIN_Init   433m.o
    0x080020c0   0x0000003c   Code   RO          753    i.SET_433M          433m.o
    0x080020fc   0x00000002   Code   RO          263    i.SVC_Handler       stm32f4xx_it.o
    0x080020fe   0x00000002   PAD
    0x08002100   0x00000040   Code   RO         1966    i.SYSCFG_EXTILineConfig  stm32f4xx_syscfg.o
    0x08002140   0x00000018   Code   RO          892    i.Senser_State_Set  exti.o
    0x08002158   0x00000040   Code   RO          410    i.Sensor_BNO055_Init  api.o
    0x08002198   0x00000018   Code   RO          414    i.Sensor_HP20X_GetDepth  api.o
    0x080021b0   0x0000000c   Code   RO          415    i.Sensor_HP20X_Init  api.o
    0x080021bc   0x00000018   Code   RO          893    i.Sensor_State_Reset  exti.o
    0x080021d4   0x00000224   Code   RO         1244    i.Servo_Analysis    servo.o
    0x080023f8   0x00000010   Code   RO          417    i.Servo_Set         api.o
    0x08002408   0x00000120   Code   RO          354    i.SetSysClock       system_stm32f4xx.o
    0x08002528   0x00000028   Code   RO         1491    i.SysTick_CLKSourceConfig  misc.o
    0x08002550   0x00000002   Code   RO          264    i.SysTick_Handler   stm32f4xx_it.o
    0x08002552   0x00000002   PAD
    0x08002554   0x00000068   Code   RO          356    i.SystemInit        system_stm32f4xx.o
    0x080025bc   0x0000003a   Code   RO         2207    i.TI1_Config        stm32f4xx_tim.o
    0x080025f6   0x00000050   Code   RO         2208    i.TI2_Config        stm32f4xx_tim.o
    0x08002646   0x00000048   Code   RO         2209    i.TI3_Config        stm32f4xx_tim.o
    0x0800268e   0x00000050   Code   RO         2210    i.TI4_Config        stm32f4xx_tim.o
    0x080026de   0x00000002   PAD
    0x080026e0   0x000000ac   Code   RO          674    i.TIM11_PWM_Init    pwm.o
    0x0800278c   0x0000019c   Code   RO          675    i.TIM1_PWM_Init     pwm.o
    0x08002928   0x000000a8   Code   RO          676    i.TIM2_PWM_Init     pwm.o
    0x080029d0   0x00000120   Code   RO          677    i.TIM3_PWM_Init     pwm.o
    0x08002af0   0x00000124   Code   RO         1111    i.TIM4_Cap_Init     timer.o
    0x08002c14   0x00000354   Code   RO         1112    i.TIM4_IRQHandler   timer.o
    0x08002f68   0x000000b0   Code   RO          678    i.TIM4_PWM_Init     pwm.o
    0x08003018   0x00000124   Code   RO         1113    i.TIM5_Cap_Init     timer.o
    0x0800313c   0x00000350   Code   RO         1114    i.TIM5_IRQHandler   timer.o
    0x0800348c   0x00000144   Code   RO         1115    i.TIM7_IRQHandler   timer.o
    0x080035d0   0x0000005c   Code   RO         1116    i.TIM7_Int_Init     timer.o
    0x0800362c   0x000000fc   Code   RO          679    i.TIM8_PWM_Init     pwm.o
    0x08003728   0x000000fc   Code   RO          680    i.TIM9_PWM_Init     pwm.o
    0x08003824   0x00000018   Code   RO         2211    i.TIM_ARRPreloadConfig  stm32f4xx_tim.o
    0x0800383c   0x00000006   Code   RO         2218    i.TIM_ClearITPendingBit  stm32f4xx_tim.o
    0x08003842   0x00000018   Code   RO         2223    i.TIM_Cmd           stm32f4xx_tim.o
    0x0800385a   0x0000001e   Code   RO         2225    i.TIM_CtrlPWMOutputs  stm32f4xx_tim.o
    0x08003878   0x00000006   Code   RO         2238    i.TIM_GetCapture1   stm32f4xx_tim.o
    0x0800387e   0x00000006   Code   RO         2239    i.TIM_GetCapture2   stm32f4xx_tim.o
    0x08003884   0x00000006   Code   RO         2240    i.TIM_GetCapture3   stm32f4xx_tim.o
    0x0800388a   0x00000006   Code   RO         2241    i.TIM_GetCapture4   stm32f4xx_tim.o
    0x08003890   0x00000022   Code   RO         2244    i.TIM_GetITStatus   stm32f4xx_tim.o
    0x080038b2   0x0000006e   Code   RO         2246    i.TIM_ICInit        stm32f4xx_tim.o
    0x08003920   0x00000012   Code   RO         2248    i.TIM_ITConfig      stm32f4xx_tim.o
    0x08003932   0x00000002   PAD
    0x08003934   0x0000007c   Code   RO         2252    i.TIM_OC1Init       stm32f4xx_tim.o
    0x080039b0   0x00000012   Code   RO         2255    i.TIM_OC1PreloadConfig  stm32f4xx_tim.o
    0x080039c2   0x00000002   PAD
    0x080039c4   0x000000a4   Code   RO         2257    i.TIM_OC2Init       stm32f4xx_tim.o
    0x08003a68   0x0000001a   Code   RO         2260    i.TIM_OC2PreloadConfig  stm32f4xx_tim.o
    0x08003a82   0x00000002   PAD
    0x08003a84   0x000000a0   Code   RO         2262    i.TIM_OC3Init       stm32f4xx_tim.o
    0x08003b24   0x00000012   Code   RO         2265    i.TIM_OC3PreloadConfig  stm32f4xx_tim.o
    0x08003b36   0x00000002   PAD
    0x08003b38   0x00000078   Code   RO         2267    i.TIM_OC4Init       stm32f4xx_tim.o
    0x08003bb0   0x0000001a   Code   RO         2269    i.TIM_OC4PreloadConfig  stm32f4xx_tim.o
    0x08003bca   0x00000004   Code   RO         2285    i.TIM_SetCompare1   stm32f4xx_tim.o
    0x08003bce   0x00000004   Code   RO         2286    i.TIM_SetCompare2   stm32f4xx_tim.o
    0x08003bd2   0x00000004   Code   RO         2287    i.TIM_SetCompare3   stm32f4xx_tim.o
    0x08003bd6   0x00000004   Code   RO         2288    i.TIM_SetCompare4   stm32f4xx_tim.o
    0x08003bda   0x00000012   Code   RO         2290    i.TIM_SetIC1Prescaler  stm32f4xx_tim.o
    0x08003bec   0x0000001a   Code   RO         2291    i.TIM_SetIC2Prescaler  stm32f4xx_tim.o
    0x08003c06   0x00000012   Code   RO         2292    i.TIM_SetIC3Prescaler  stm32f4xx_tim.o
    0x08003c18   0x0000001a   Code   RO         2293    i.TIM_SetIC4Prescaler  stm32f4xx_tim.o
    0x08003c32   0x00000002   PAD
    0x08003c34   0x00000084   Code   RO         2295    i.TIM_TimeBaseInit  stm32f4xx_tim.o
    0x08003cb8   0x00000014   Code   RO          418    i.TJQ_Control       api.o
    0x08003ccc   0x00000038   Code   RO          419    i.TJQ_Init          api.o
    0x08003d04   0x00000078   Code   RO         1078    i.T_DIR_Init        propeller.o
    0x08003d7c   0x00000028   Code   RO         1359    i.UART4_IRQHandler  usart.o
    0x08003da4   0x0000002c   Code   RO         1362    i.UART5_IRQHandler  usart.o
    0x08003dd0   0x0000002c   Code   RO         1363    i.UART8_IRQHandler  usart.o
    0x08003dfc   0x00000730   Code   RO         1278    i.URAT8_DATA_Analysis  external.o
    0x0800452c   0x0000002c   Code   RO         1366    i.USART1_IRQHandler  usart.o
    0x08004558   0x00000020   Code   RO         1367    i.USART1_SendChar   usart.o
    0x08004578   0x00000016   Code   RO         1368    i.USART1_SendString  usart.o
    0x0800458e   0x0000001e   Code   RO         2020    i.USART_ClearITPendingBit  stm32f4xx_usart.o
    0x080045ac   0x00000018   Code   RO         2023    i.USART_Cmd         stm32f4xx_usart.o
    0x080045c4   0x000000f0   Code   RO         2025    i.USART_DeInit      stm32f4xx_usart.o
    0x080046b4   0x0000001a   Code   RO         2026    i.USART_GetFlagStatus  stm32f4xx_usart.o
    0x080046ce   0x00000054   Code   RO         2027    i.USART_GetITStatus  stm32f4xx_usart.o
    0x08004722   0x0000004a   Code   RO         2029    i.USART_ITConfig    stm32f4xx_usart.o
    0x0800476c   0x000000d4   Code   RO         2030    i.USART_Init        stm32f4xx_usart.o
    0x08004840   0x0000000a   Code   RO         2037    i.USART_ReceiveData  stm32f4xx_usart.o
    0x0800484a   0x00000008   Code   RO         2040    i.USART_SendData    stm32f4xx_usart.o
    0x08004852   0x00000004   Code   RO          265    i.UsageFault_Handler  stm32f4xx_it.o
    0x08004856   0x00000014   Code   RO          422    i.Visual_Alarm_Light  api.o
    0x0800486a   0x00000008   Code   RO          423    i.Visual_Alarm_Light_Init  api.o
    0x08004872   0x00000010   Code   RO          424    i.WM_433M_Init      api.o
    0x08004882   0x0000000c   Code   RO          425    i.WM_433M_SET       api.o
    0x0800488e   0x00000004   Code   RO         1369    i._sys_exit         usart.o
    0x08004892   0x00000002   PAD
    0x08004894   0x0000003c   Code   RO         1301    i.delay_init        delay.o
    0x080048d0   0x00000038   Code   RO         1302    i.delay_ms          delay.o
    0x08004908   0x0000004c   Code   RO         1303    i.delay_us          delay.o
    0x08004954   0x0000004c   Code   RO         1304    i.delay_xms         delay.o
    0x080049a0   0x00000144   Code   RO           13    i.main              main.o
    0x08004ae4   0x00000108   Code   RO         1372    i.uart5_init        usart.o
    0x08004bec   0x000000b8   Code   RO         1373    i.uart8_init        usart.o
    0x08004ca4   0x000000bc   Code   RO         1374    i.uart_init         usart.o
    0x08004d60   0x00000062   Code   RO         3375    x$fpl$d2f           fz_wm.l(d2f.o)
    0x08004dc2   0x00000002   PAD
    0x08004dc4   0x00000150   Code   RO         3377    x$fpl$dadd          fz_wm.l(daddsub_clz.o)
    0x08004f14   0x000002b0   Code   RO         3384    x$fpl$ddiv          fz_wm.l(ddiv.o)
    0x080051c4   0x0000005a   Code   RO         3387    x$fpl$dfixu         fz_wm.l(dfixu.o)
    0x0800521e   0x00000026   Code   RO         3391    x$fpl$dfltu         fz_wm.l(dflt_clz.o)
    0x08005244   0x00000154   Code   RO         3399    x$fpl$dmul          fz_wm.l(dmul.o)
    0x08005398   0x0000009c   Code   RO         3410    x$fpl$dnaninf       fz_wm.l(dnaninf.o)
    0x08005434   0x0000000c   Code   RO         3412    x$fpl$dretinf       fz_wm.l(dretinf.o)
    0x08005440   0x000001d4   Code   RO         3379    x$fpl$dsub          fz_wm.l(daddsub_clz.o)
    0x08005614   0x00000056   Code   RO         3401    x$fpl$f2d           fz_wm.l(f2d.o)
    0x0800566a   0x0000008c   Code   RO         3414    x$fpl$fnaninf       fz_wm.l(fnaninf.o)
    0x080056f6   0x0000000a   Code   RO         3519    x$fpl$fpinit        fz_wm.l(fpinit.o)
    0x08005700   0x0000000a   Code   RO         3416    x$fpl$fretinf       fz_wm.l(fretinf.o)
    0x0800570a   0x00000000   Code   RO         3418    x$fpl$usenofp       fz_wm.l(usenofp.o)
    0x0800570a   0x00000002   PAD
    0x0800570c   0x00000020   Data   RO         3576    Region$$Table       anon$$obj.o


    Execution Region RW_IRAM1 (Base: 0x20000000, Size: 0x000008a0, Max: 0x00030000, ABSOLUTE, COMPRESSED[0x00000044])

    Base Addr    Size         Type   Attr      Idx    E Section Name        Object

    0x20000000   0x0000000b   Data   RW          755    .data               433m.o
    0x2000000b   0x00000001   PAD
    0x2000000c   0x00000028   Data   RW          798    .data               bno055.o
    0x20000034   0x00000002   Data   RW          894    .data               exti.o
    0x20000036   0x00000002   PAD
    0x20000038   0x00000021   Data   RW          971    .data               hp20x.o
    0x20000059   0x00000007   PAD
    0x20000060   0x00000178   Data   RW         1119    .data               timer.o
    0x200001d8   0x00000009   Data   RW         1247    .data               servo.o
    0x200001e1   0x00000003   PAD
    0x200001e4   0x00000024   Data   RW         1279    .data               external.o
    0x20000208   0x00000004   Data   RW         1305    .data               delay.o
    0x2000020c   0x00000010   Data   RW         1682    .data               stm32f4xx_rcc.o
    0x2000021c   0x0000000a   Zero   RW          754    .bss                433m.o
    0x20000226   0x00000014   Zero   RW         1118    .bss                timer.o
    0x2000023a   0x00000002   PAD
    0x2000023c   0x00000060   Zero   RW         3451    .bss                c_w.l(libspace.o)
    0x2000029c   0x00000004   PAD
    0x200002a0   0x00000200   Zero   RW         1479    HEAP                startup_stm32f427x.o
    0x200004a0   0x00000400   Zero   RW         1478    STACK               startup_stm32f427x.o


==============================================================================

Image component sizes


      Code (inc. data)   RO Data    RW Data    ZI Data      Debug   Object Name

       236         32          0         11         10       2985   433m.o
       132          8          0          0          0        767   adc.o
       464         28          0          0          0       9884   api.o
        64          4          0          0          0        636   beep.o
       960         72          0         40          0       5910   bno055.o
       144         12          0          0          0       1373   buoyancy.o
       268         16          0          4          0       2963   delay.o
      1840         70          0         36          0       1970   external.o
      2180         80          0          2          0       6638   exti.o
      1088        132          0         33          0       8788   hp20x.o
       866         12          0          0          0       4237   led.o
       380         42          0          0          0     306635   main.o
       180         24          0          0          0       2457   misc.o
       420         36          0          0          0       1605   propeller.o
      1720         64          0          0          0       6381   pwm.o
       548         80          0          9          0       1465   servo.o
        64         26        428          0       1536        896   startup_stm32f427x.o
       154         24          0          0          0       3290   stm32f4xx_adc.o
       184         16          0          0          0       2462   stm32f4xx_exti.o
       250          0          0          0          0       4755   stm32f4xx_gpio.o
        26          0          0          0          0       4926   stm32f4xx_it.o
       392         48          0         16          0       6557   stm32f4xx_rcc.o
        64          4          0          0          0        748   stm32f4xx_syscfg.o
      1452         66          0          0          0      23459   stm32f4xx_tim.o
       708         42          0          0          0       7686   stm32f4xx_usart.o
       392         32          0          0          0       1789   system_stm32f4xx.o
      2700        306          0        376         20       8488   timer.o
       866         52          0          0          0       7069   usart.o

    ----------------------------------------------------------------------
     18772       1328        460        540       1568     436819   Object Totals
         0          0         32          0          0          0   (incl. Generated)
        30          0          0         13          2          0   (incl. Padding)

    ----------------------------------------------------------------------

      Code (inc. data)   RO Data    RW Data    ZI Data      Debug   Library Member Name

        58          0          0          0          0          0   __dczerorl.o
         8          0          0          0          0         68   __main.o
         0          0          0          0          0          0   __rtentry.o
        12          0          0          0          0          0   __rtentry2.o
         6          0          0          0          0          0   __rtentry4.o
        52          8          0          0          0          0   __scatter.o
        28          0          0          0          0          0   __scatter_zi.o
        12          0          0          0          0         72   exit.o
         6          0          0          0          0        152   heapauxi.o
         2          0          0          0          0          0   libinit.o
         6          0          0          0          0          0   libinit2.o
         2          0          0          0          0          0   libshutdown.o
         2          0          0          0          0          0   libshutdown2.o
         8          4          0          0         96         68   libspace.o
        72          0          0          0          0         76   llsdiv.o
       238          0          0          0          0        100   lludivv7m.o
         2          0          0          0          0          0   rtexit.o
        10          0          0          0          0          0   rtexit2.o
        74          0          0          0          0         80   sys_stackheap_outer.o
         2          0          0          0          0         68   use_no_semi.o
         2          0          0          0          0         68   use_no_semi_2.o
        98          4          0          0          0        140   d2f.o
       804         16          0          0          0        368   daddsub_clz.o
       688        140          0          0          0        256   ddiv.o
        90          4          0          0          0        140   dfixu.o
        38          0          0          0          0        116   dflt_clz.o
       340         12          0          0          0        152   dmul.o
       156          4          0          0          0        140   dnaninf.o
        12          0          0          0          0        116   dretinf.o
        86          4          0          0          0        132   f2d.o
       140          4          0          0          0        132   fnaninf.o
        10          0          0          0          0        116   fpinit.o
        10          0          0          0          0        116   fretinf.o
         0          0          0          0          0          0   usenofp.o

    ----------------------------------------------------------------------
      3084        200          0          0        100       2676   Library Totals
        10          0          0          0          4          0   (incl. Padding)

    ----------------------------------------------------------------------

      Code (inc. data)   RO Data    RW Data    ZI Data      Debug   Library Name

       602         12          0          0         96        752   c_w.l
      2472        188          0          0          0       1924   fz_wm.l

    ----------------------------------------------------------------------
      3084        200          0          0        100       2676   Library Totals

    ----------------------------------------------------------------------

==============================================================================


      Code (inc. data)   RO Data    RW Data    ZI Data      Debug   

     21856       1528        460        540       1668     422535   Grand Totals
     21856       1528        460         68       1668     422535   ELF Image Totals (compressed)
     21856       1528        460         68          0          0   ROM Totals

==============================================================================

    Total RO  Size (Code + RO Data)                22316 (  21.79kB)
    Total RW  Size (RW Data + ZI Data)              2208 (   2.16kB)
    Total ROM Size (Code + RO Data + RW Data)      22384 (  21.86kB)

==============================================================================

